Archive member included to satisfy reference by file (symbol)

d:/toolchain_supports/arm-gnu-toolchain-12.2.mpacbti-rel1-mingw-w64-i686-arm-none-eabi/bin/../lib/gcc/arm-none-eabi/12.2.1/thumb/v7-m/nofp\libg.a(libc_a-exit.o)
                              d:/toolchain_supports/arm-gnu-toolchain-12.2.mpacbti-rel1-mingw-w64-i686-arm-none-eabi/bin/../lib/gcc/arm-none-eabi/12.2.1/thumb/v7-m/nofp/crt0.o (exit)
d:/toolchain_supports/arm-gnu-toolchain-12.2.mpacbti-rel1-mingw-w64-i686-arm-none-eabi/bin/../lib/gcc/arm-none-eabi/12.2.1/thumb/v7-m/nofp\libg.a(libc_a-findfp.o)
                              d:/toolchain_supports/arm-gnu-toolchain-12.2.mpacbti-rel1-mingw-w64-i686-arm-none-eabi/bin/../lib/gcc/arm-none-eabi/12.2.1/thumb/v7-m/nofp\libg.a(libc_a-exit.o) (__stdio_exit_handler)
d:/toolchain_supports/arm-gnu-toolchain-12.2.mpacbti-rel1-mingw-w64-i686-arm-none-eabi/bin/../lib/gcc/arm-none-eabi/12.2.1/thumb/v7-m/nofp\libg.a(libc_a-fwalk.o)
                              d:/toolchain_supports/arm-gnu-toolchain-12.2.mpacbti-rel1-mingw-w64-i686-arm-none-eabi/bin/../lib/gcc/arm-none-eabi/12.2.1/thumb/v7-m/nofp\libg.a(libc_a-findfp.o) (_fwalk_sglue)
d:/toolchain_supports/arm-gnu-toolchain-12.2.mpacbti-rel1-mingw-w64-i686-arm-none-eabi/bin/../lib/gcc/arm-none-eabi/12.2.1/thumb/v7-m/nofp\libg.a(libc_a-puts.o)
                              CMakeFiles/Delay_Based_on_TImer.elf.dir/Core/Src/main.c.obj (puts)
d:/toolchain_supports/arm-gnu-toolchain-12.2.mpacbti-rel1-mingw-w64-i686-arm-none-eabi/bin/../lib/gcc/arm-none-eabi/12.2.1/thumb/v7-m/nofp\libg.a(libc_a-stdio.o)
                              d:/toolchain_supports/arm-gnu-toolchain-12.2.mpacbti-rel1-mingw-w64-i686-arm-none-eabi/bin/../lib/gcc/arm-none-eabi/12.2.1/thumb/v7-m/nofp\libg.a(libc_a-findfp.o) (__sread)
d:/toolchain_supports/arm-gnu-toolchain-12.2.mpacbti-rel1-mingw-w64-i686-arm-none-eabi/bin/../lib/gcc/arm-none-eabi/12.2.1/thumb/v7-m/nofp\libg.a(libc_a-memset.o)
                              d:/toolchain_supports/arm-gnu-toolchain-12.2.mpacbti-rel1-mingw-w64-i686-arm-none-eabi/bin/../lib/gcc/arm-none-eabi/12.2.1/thumb/v7-m/nofp/crt0.o (memset)
d:/toolchain_supports/arm-gnu-toolchain-12.2.mpacbti-rel1-mingw-w64-i686-arm-none-eabi/bin/../lib/gcc/arm-none-eabi/12.2.1/thumb/v7-m/nofp\libg.a(libc_a-closer.o)
                              d:/toolchain_supports/arm-gnu-toolchain-12.2.mpacbti-rel1-mingw-w64-i686-arm-none-eabi/bin/../lib/gcc/arm-none-eabi/12.2.1/thumb/v7-m/nofp\libg.a(libc_a-stdio.o) (_close_r)
d:/toolchain_supports/arm-gnu-toolchain-12.2.mpacbti-rel1-mingw-w64-i686-arm-none-eabi/bin/../lib/gcc/arm-none-eabi/12.2.1/thumb/v7-m/nofp\libg.a(libc_a-reent.o)
                              d:/toolchain_supports/arm-gnu-toolchain-12.2.mpacbti-rel1-mingw-w64-i686-arm-none-eabi/bin/../lib/gcc/arm-none-eabi/12.2.1/thumb/v7-m/nofp\libg.a(libc_a-closer.o) (errno)
d:/toolchain_supports/arm-gnu-toolchain-12.2.mpacbti-rel1-mingw-w64-i686-arm-none-eabi/bin/../lib/gcc/arm-none-eabi/12.2.1/thumb/v7-m/nofp\libg.a(libc_a-impure.o)
                              d:/toolchain_supports/arm-gnu-toolchain-12.2.mpacbti-rel1-mingw-w64-i686-arm-none-eabi/bin/../lib/gcc/arm-none-eabi/12.2.1/thumb/v7-m/nofp\libg.a(libc_a-puts.o) (_impure_ptr)
d:/toolchain_supports/arm-gnu-toolchain-12.2.mpacbti-rel1-mingw-w64-i686-arm-none-eabi/bin/../lib/gcc/arm-none-eabi/12.2.1/thumb/v7-m/nofp\libg.a(libc_a-lseekr.o)
                              d:/toolchain_supports/arm-gnu-toolchain-12.2.mpacbti-rel1-mingw-w64-i686-arm-none-eabi/bin/../lib/gcc/arm-none-eabi/12.2.1/thumb/v7-m/nofp\libg.a(libc_a-stdio.o) (_lseek_r)
d:/toolchain_supports/arm-gnu-toolchain-12.2.mpacbti-rel1-mingw-w64-i686-arm-none-eabi/bin/../lib/gcc/arm-none-eabi/12.2.1/thumb/v7-m/nofp\libg.a(libc_a-readr.o)
                              d:/toolchain_supports/arm-gnu-toolchain-12.2.mpacbti-rel1-mingw-w64-i686-arm-none-eabi/bin/../lib/gcc/arm-none-eabi/12.2.1/thumb/v7-m/nofp\libg.a(libc_a-stdio.o) (_read_r)
d:/toolchain_supports/arm-gnu-toolchain-12.2.mpacbti-rel1-mingw-w64-i686-arm-none-eabi/bin/../lib/gcc/arm-none-eabi/12.2.1/thumb/v7-m/nofp\libg.a(libc_a-writer.o)
                              d:/toolchain_supports/arm-gnu-toolchain-12.2.mpacbti-rel1-mingw-w64-i686-arm-none-eabi/bin/../lib/gcc/arm-none-eabi/12.2.1/thumb/v7-m/nofp\libg.a(libc_a-stdio.o) (_write_r)
d:/toolchain_supports/arm-gnu-toolchain-12.2.mpacbti-rel1-mingw-w64-i686-arm-none-eabi/bin/../lib/gcc/arm-none-eabi/12.2.1/thumb/v7-m/nofp\libg.a(libc_a-errno.o)
                              CMakeFiles/Delay_Based_on_TImer.elf.dir/Core/Src/syscalls.c.obj (__errno)
d:/toolchain_supports/arm-gnu-toolchain-12.2.mpacbti-rel1-mingw-w64-i686-arm-none-eabi/bin/../lib/gcc/arm-none-eabi/12.2.1/thumb/v7-m/nofp\libg.a(libc_a-init.o)
                              d:/toolchain_supports/arm-gnu-toolchain-12.2.mpacbti-rel1-mingw-w64-i686-arm-none-eabi/bin/../lib/gcc/arm-none-eabi/12.2.1/thumb/v7-m/nofp/crt0.o (__libc_init_array)
[...]
Memory Configuration

Name             Origin             Length             Attributes
RAM              0x20000000         0x00005000         xrw
FLASH            0x08000000         0x00010000         xr
*default*        0x00000000         0xffffffff

Linker script and memory map

LOAD d:/toolchain_supports/arm-gnu-toolchain-12.2.mpacbti-rel1-mingw-w64-i686-arm-none-eabi/bin/../lib/gcc/arm-none-eabi/12.2.1/thumb/v7-m/nofp/crti.o
LOAD d:/toolchain_supports/arm-gnu-toolchain-12.2.mpacbti-rel1-mingw-w64-i686-arm-none-eabi/bin/../lib/gcc/arm-none-eabi/12.2.1/thumb/v7-m/nofp/crtbegin.o
LOAD d:/toolchain_supports/arm-gnu-toolchain-12.2.mpacbti-rel1-mingw-w64-i686-arm-none-eabi/bin/../lib/gcc/arm-none-eabi/12.2.1/thumb/v7-m/nofp/crt0.o
LOAD CMakeFiles/Delay_Based_on_TImer.elf.dir/Core/Src/gpio.c.obj
LOAD CMakeFiles/Delay_Based_on_TImer.elf.dir/Core/Src/main.c.obj
LOAD CMakeFiles/Delay_Based_on_TImer.elf.dir/Core/Src/stm32f1xx_hal_msp.c.obj
LOAD CMakeFiles/Delay_Based_on_TImer.elf.dir/Core/Src/stm32f1xx_it.c.obj
LOAD CMakeFiles/Delay_Based_on_TImer.elf.dir/Core/Src/syscalls.c.obj
LOAD CMakeFiles/Delay_Based_on_TImer.elf.dir/Core/Src/sysmem.c.obj
LOAD CMakeFiles/Delay_Based_on_TImer.elf.dir/Core/Src/system_stm32f1xx.c.obj
LOAD CMakeFiles/Delay_Based_on_TImer.elf.dir/Core/Src/tim.c.obj
LOAD CMakeFiles/Delay_Based_on_TImer.elf.dir/Core/Src/usart.c.obj
LOAD CMakeFiles/Delay_Based_on_TImer.elf.dir/Core/Startup/startup_stm32f103c8tx.s.obj
LOAD CMakeFiles/Delay_Based_on_TImer.elf.dir/Delay/delay.c.obj
LOAD CMakeFiles/Delay_Based_on_TImer.elf.dir/Drivers/STM32F1xx_HAL_Driver/Src/stm32f1xx_hal.c.obj
LOAD CMakeFiles/Delay_Based_on_TImer.elf.dir/Drivers/STM32F1xx_HAL_Driver/Src/stm32f1xx_hal_cortex.c.obj
LOAD CMakeFiles/Delay_Based_on_TImer.elf.dir/Drivers/STM32F1xx_HAL_Driver/Src/stm32f1xx_hal_dma.c.obj
LOAD CMakeFiles/Delay_Based_on_TImer.elf.dir/Drivers/STM32F1xx_HAL_Driver/Src/stm32f1xx_hal_exti.c.obj
LOAD CMakeFiles/Delay_Based_on_TImer.elf.dir/Drivers/STM32F1xx_HAL_Driver/Src/stm32f1xx_hal_flash.c.obj
LOAD CMakeFiles/Delay_Based_on_TImer.elf.dir/Drivers/STM32F1xx_HAL_Driver/Src/stm32f1xx_hal_flash_ex.c.obj
LOAD CMakeFiles/Delay_Based_on_TImer.elf.dir/Drivers/STM32F1xx_HAL_Driver/Src/stm32f1xx_hal_gpio.c.obj
LOAD CMakeFiles/Delay_Based_on_TImer.elf.dir/Drivers/STM32F1xx_HAL_Driver/Src/stm32f1xx_hal_gpio_ex.c.obj
LOAD CMakeFiles/Delay_Based_on_TImer.elf.dir/Drivers/STM32F1xx_HAL_Driver/Src/stm32f1xx_hal_pwr.c.obj
LOAD CMakeFiles/Delay_Based_on_TImer.elf.dir/Drivers/STM32F1xx_HAL_Driver/Src/stm32f1xx_hal_rcc.c.obj
LOAD CMakeFiles/Delay_Based_on_TImer.elf.dir/Drivers/STM32F1xx_HAL_Driver/Src/stm32f1xx_hal_rcc_ex.c.obj
LOAD CMakeFiles/Delay_Based_on_TImer.elf.dir/Drivers/STM32F1xx_HAL_Driver/Src/stm32f1xx_hal_tim.c.obj
LOAD CMakeFiles/Delay_Based_on_TImer.elf.dir/Drivers/STM32F1xx_HAL_Driver/Src/stm32f1xx_hal_tim_ex.c.obj
LOAD CMakeFiles/Delay_Based_on_TImer.elf.dir/Drivers/STM32F1xx_HAL_Driver/Src/stm32f1xx_hal_uart.c.obj
START GROUP
LOAD d:/toolchain_supports/arm-gnu-toolchain-12.2.mpacbti-rel1-mingw-w64-i686-arm-none-eabi/bin/../lib/gcc/arm-none-eabi/12.2.1/thumb/v7-m/nofp\libgcc.a
LOAD d:/toolchain_supports/arm-gnu-toolchain-12.2.mpacbti-rel1-mingw-w64-i686-arm-none-eabi/bin/../lib/gcc/arm-none-eabi/12.2.1/thumb/v7-m/nofp\libg.a
LOAD d:/toolchain_supports/arm-gnu-toolchain-12.2.mpacbti-rel1-mingw-w64-i686-arm-none-eabi/bin/../lib/gcc/arm-none-eabi/12.2.1/thumb/v7-m/nofp\libc.a
END GROUP
LOAD d:/toolchain_supports/arm-gnu-toolchain-12.2.mpacbti-rel1-mingw-w64-i686-arm-none-eabi/bin/../lib/gcc/arm-none-eabi/12.2.1/thumb/v7-m/nofp/crtend.o
LOAD d:/toolchain_supports/arm-gnu-toolchain-12.2.mpacbti-rel1-mingw-w64-i686-arm-none-eabi/bin/../lib/gcc/arm-none-eabi/12.2.1/thumb/v7-m/nofp/crtn.o
                0x20005000                        _estack = (ORIGIN (RAM) + LENGTH (RAM))
                0x00000200                        _Min_Heap_Size = 0x200
                0x00000400                        _Min_Stack_Size = 0x400

.isr_vector     0x08000000      0x10c
                0x08000000                        . = ALIGN (0x4)
 *(.isr_vector)
 .isr_vector    0x08000000      0x10c CMakeFiles/Delay_Based_on_TImer.elf.dir/Core/Startup/startup_stm32f103c8tx.s.obj
                0x08000000                g_pfnVectors
                0x0800010c                        . = ALIGN (0x4)

.text           0x0800010c     0x2f30
                0x0800010c                        . = ALIGN (0x4)
 *(.text)
 .text          0x0800010c       0xec d:/toolchain_supports/arm-gnu-toolchain-12.2.mpacbti-rel1-mingw-w64-i686-arm-none-eabi/bin/../lib/gcc/arm-none-eabi/12.2.1/thumb/v7-m/nofp\libg.a(libc_a-memcpy.o)
                0x0800010c                memcpy
 *(.text*)
 .text.deregister_tm_clones
                0x080001f8       0x1c d:/toolchain_supports/arm-gnu-toolchain-12.2.mpacbti-rel1-mingw-w64-i686-arm-none-eabi/bin/../lib/gcc/arm-none-eabi/12.2.1/thumb/v7-m/nofp/crtbegin.o
 .text.register_tm_clones
                0x08000214       0x24 d:/toolchain_supports/arm-gnu-toolchain-12.2.mpacbti-rel1-mingw-w64-i686-arm-none-eabi/bin/../lib/gcc/arm-none-eabi/12.2.1/thumb/v7-m/nofp/crtbegin.o
 .text.__do_global_dtors_aux
                0x08000238       0x28 d:/toolchain_supports/arm-gnu-toolchain-12.2.mpacbti-rel1-mingw-w64-i686-arm-none-eabi/bin/../lib/gcc/arm-none-eabi/12.2.1/thumb/v7-m/nofp/crtbegin.o
 .text.frame_dummy
                0x08000260       0x24 d:/toolchain_supports/arm-gnu-toolchain-12.2.mpacbti-rel1-mingw-w64-i686-arm-none-eabi/bin/../lib/gcc/arm-none-eabi/12.2.1/thumb/v7-m/nofp/crtbegin.o
 .text.MX_GPIO_Init
                0x08000284       0x30 CMakeFiles/Delay_Based_on_TImer.elf.dir/Core/Src/gpio.c.obj
                0x08000284                MX_GPIO_Init
 .text.__io_putchar
                0x080002b4       0x20 CMakeFiles/Delay_Based_on_TImer.elf.dir/Core/Src/main.c.obj
                0x080002b4                __io_putchar
 .text.Error_Handler
                0x080002d4        0x4 CMakeFiles/Delay_Based_on_TImer.elf.dir/Core/Src/main.c.obj
                0x080002d4                Error_Handler
 .text.SystemClock_Config
                0x080002d8       0x64 CMakeFiles/Delay_Based_on_TImer.elf.dir/Core/Src/main.c.obj
                0x080002d8                SystemClock_Config
 .text.main     0x0800033c       0x2c CMakeFiles/Delay_Based_on_TImer.elf.dir/Core/Src/main.c.obj
                0x0800033c                main
 .text.HAL_MspInit
                0x08000368       0x44 CMakeFiles/Delay_Based_on_TImer.elf.dir/Core/Src/stm32f1xx_hal_msp.c.obj
                0x08000368                HAL_MspInit
 .text.NMI_Handler
                0x080003ac        0x2 CMakeFiles/Delay_Based_on_TImer.elf.dir/Core/Src/stm32f1xx_it.c.obj
                0x080003ac                NMI_Handler
 .text.HardFault_Handler
                0x080003ae        0x2 CMakeFiles/Delay_Based_on_TImer.elf.dir/Core/Src/stm32f1xx_it.c.obj
                0x080003ae                HardFault_Handler
 .text.MemManage_Handler
                0x080003b0        0x2 CMakeFiles/Delay_Based_on_TImer.elf.dir/Core/Src/stm32f1xx_it.c.obj
                0x080003b0                MemManage_Handler
 .text.BusFault_Handler
                0x080003b2        0x2 CMakeFiles/Delay_Based_on_TImer.elf.dir/Core/Src/stm32f1xx_it.c.obj
                0x080003b2                BusFault_Handler
 .text.UsageFault_Handler
                0x080003b4        0x2 CMakeFiles/Delay_Based_on_TImer.elf.dir/Core/Src/stm32f1xx_it.c.obj
                0x080003b4                UsageFault_Handler
 .text.SVC_Handler
                0x080003b6        0x2 CMakeFiles/Delay_Based_on_TImer.elf.dir/Core/Src/stm32f1xx_it.c.obj
                0x080003b6                SVC_Handler
 .text.DebugMon_Handler
                0x080003b8        0x2 CMakeFiles/Delay_Based_on_TImer.elf.dir/Core/Src/stm32f1xx_it.c.obj
                0x080003b8                DebugMon_Handler
 .text.PendSV_Handler
                0x080003ba        0x2 CMakeFiles/Delay_Based_on_TImer.elf.dir/Core/Src/stm32f1xx_it.c.obj
                0x080003ba                PendSV_Handler
 .text.SysTick_Handler
                0x080003bc        0x8 CMakeFiles/Delay_Based_on_TImer.elf.dir/Core/Src/stm32f1xx_it.c.obj
                0x080003bc                SysTick_Handler
 .text._read    0x080003c4       0x20 CMakeFiles/Delay_Based_on_TImer.elf.dir/Core/Src/syscalls.c.obj
                0x080003c4                _read
 .text._write   0x080003e4       0x1c CMakeFiles/Delay_Based_on_TImer.elf.dir/Core/Src/syscalls.c.obj
                0x080003e4                _write
 .text._close   0x08000400        0x6 CMakeFiles/Delay_Based_on_TImer.elf.dir/Core/Src/syscalls.c.obj
                0x08000400                _close
 .text._fstat   0x08000406        0xa CMakeFiles/Delay_Based_on_TImer.elf.dir/Core/Src/syscalls.c.obj
                0x08000406                _fstat
 .text._isatty  0x08000410        0x4 CMakeFiles/Delay_Based_on_TImer.elf.dir/Core/Src/syscalls.c.obj
                0x08000410                _isatty
 .text._lseek   0x08000414        0x4 CMakeFiles/Delay_Based_on_TImer.elf.dir/Core/Src/syscalls.c.obj
                0x08000414                _lseek
 .text._sbrk    0x08000418       0x48 CMakeFiles/Delay_Based_on_TImer.elf.dir/Core/Src/sysmem.c.obj
                0x08000418                _sbrk
 .text.SystemInit
                0x08000460        0x2 CMakeFiles/Delay_Based_on_TImer.elf.dir/Core/Src/system_stm32f1xx.c.obj
                0x08000460                SystemInit
 *fill*         0x08000462        0x2 
 .text.MX_TIM4_Init
                0x08000464       0x70 CMakeFiles/Delay_Based_on_TImer.elf.dir/Core/Src/tim.c.obj
                0x08000464                MX_TIM4_Init
 .text.HAL_TIM_Base_MspInit
                0x080004d4       0x2c CMakeFiles/Delay_Based_on_TImer.elf.dir/Core/Src/tim.c.obj
                0x080004d4                HAL_TIM_Base_MspInit
 .text.MX_USART1_UART_Init
                0x08000500       0x34 CMakeFiles/Delay_Based_on_TImer.elf.dir/Core/Src/usart.c.obj
                0x08000500                MX_USART1_UART_Init
 .text.HAL_UART_MspInit
                0x08000534       0x78 CMakeFiles/Delay_Based_on_TImer.elf.dir/Core/Src/usart.c.obj
                0x08000534                HAL_UART_MspInit
 .text.Reset_Handler
                0x080005ac       0x48 CMakeFiles/Delay_Based_on_TImer.elf.dir/Core/Startup/startup_stm32f103c8tx.s.obj
                0x080005ac                Reset_Handler
 .text.Default_Handler
                0x080005f4        0x2 CMakeFiles/Delay_Based_on_TImer.elf.dir/Core/Startup/startup_stm32f103c8tx.s.obj
                0x080005f4                RTC_Alarm_IRQHandler
                0x080005f4                EXTI2_IRQHandler
                0x080005f4                TIM1_CC_IRQHandler
                0x080005f4                PVD_IRQHandler
                0x080005f4                EXTI3_IRQHandler
                0x080005f4                EXTI0_IRQHandler
                0x080005f4                I2C2_EV_IRQHandler
                0x080005f4                ADC1_2_IRQHandler
                0x080005f4                SPI1_IRQHandler
                0x080005f4                TAMPER_IRQHandler
                0x080005f4                DMA1_Channel4_IRQHandler
                0x080005f4                USART3_IRQHandler
                0x080005f4                RTC_IRQHandler
                0x080005f4                DMA1_Channel7_IRQHandler
                0x080005f4                CAN1_RX1_IRQHandler
                0x080005f4                TIM4_IRQHandler
                0x080005f4                I2C1_EV_IRQHandler
                0x080005f4                DMA1_Channel6_IRQHandler
                0x080005f4                TIM3_IRQHandler
                0x080005f4                RCC_IRQHandler
                0x080005f4                TIM1_TRG_COM_IRQHandler
                0x080005f4                DMA1_Channel1_IRQHandler
                0x080005f4                Default_Handler
                0x080005f4                EXTI15_10_IRQHandler
                0x080005f4                EXTI9_5_IRQHandler
                0x080005f4                SPI2_IRQHandler
                0x080005f4                DMA1_Channel5_IRQHandler
                0x080005f4                EXTI4_IRQHandler
                0x080005f4                USB_LP_CAN1_RX0_IRQHandler
                0x080005f4                USB_HP_CAN1_TX_IRQHandler
                0x080005f4                DMA1_Channel3_IRQHandler
                0x080005f4                TIM1_UP_IRQHandler
                0x080005f4                WWDG_IRQHandler
                0x080005f4                TIM2_IRQHandler
                0x080005f4                TIM1_BRK_IRQHandler
                0x080005f4                EXTI1_IRQHandler
                0x080005f4                USART2_IRQHandler
                0x080005f4                I2C2_ER_IRQHandler
                0x080005f4                DMA1_Channel2_IRQHandler
                0x080005f4                CAN1_SCE_IRQHandler
                0x080005f4                FLASH_IRQHandler
                0x080005f4                USART1_IRQHandler
                0x080005f4                I2C1_ER_IRQHandler
                0x080005f4                USBWakeUp_IRQHandler
 *fill*         0x080005f6        0x2 
 .text.delay_us
                0x080005f8       0x8c CMakeFiles/Delay_Based_on_TImer.elf.dir/Delay/delay.c.obj
                0x080005f8                delay_us
 .text.delay_ms
                0x08000684       0x10 CMakeFiles/Delay_Based_on_TImer.elf.dir/Delay/delay.c.obj
                0x08000684                delay_ms
 .text.HAL_InitTick
                0x08000694       0x4c CMakeFiles/Delay_Based_on_TImer.elf.dir/Drivers/STM32F1xx_HAL_Driver/Src/stm32f1xx_hal.c.obj
                0x08000694                HAL_InitTick
 .text.HAL_Init
                0x080006e0       0x24 CMakeFiles/Delay_Based_on_TImer.elf.dir/Drivers/STM32F1xx_HAL_Driver/Src/stm32f1xx_hal.c.obj
                0x080006e0                HAL_Init
 .text.HAL_IncTick
                0x08000704       0x18 CMakeFiles/Delay_Based_on_TImer.elf.dir/Drivers/STM32F1xx_HAL_Driver/Src/stm32f1xx_hal.c.obj
                0x08000704                HAL_IncTick
 .text.HAL_GetTick
                0x0800071c        0xc CMakeFiles/Delay_Based_on_TImer.elf.dir/Drivers/STM32F1xx_HAL_Driver/Src/stm32f1xx_hal.c.obj
                0x0800071c                HAL_GetTick
 .text.__NVIC_SetPriority
                0x08000728       0x28 CMakeFiles/Delay_Based_on_TImer.elf.dir/Drivers/STM32F1xx_HAL_Driver/Src/stm32f1xx_hal_cortex.c.obj
 .text.NVIC_EncodePriority
                0x08000750       0x3e CMakeFiles/Delay_Based_on_TImer.elf.dir/Drivers/STM32F1xx_HAL_Driver/Src/stm32f1xx_hal_cortex.c.obj
 *fill*         0x0800078e        0x2 
 .text.HAL_NVIC_SetPriorityGrouping
                0x08000790       0x24 CMakeFiles/Delay_Based_on_TImer.elf.dir/Drivers/STM32F1xx_HAL_Driver/Src/stm32f1xx_hal_cortex.c.obj
                0x08000790                HAL_NVIC_SetPriorityGrouping
 .text.HAL_NVIC_SetPriority
                0x080007b4       0x20 CMakeFiles/Delay_Based_on_TImer.elf.dir/Drivers/STM32F1xx_HAL_Driver/Src/stm32f1xx_hal_cortex.c.obj
                0x080007b4                HAL_NVIC_SetPriority
 .text.HAL_SYSTICK_Config
                0x080007d4       0x28 CMakeFiles/Delay_Based_on_TImer.elf.dir/Drivers/STM32F1xx_HAL_Driver/Src/stm32f1xx_hal_cortex.c.obj
                0x080007d4                HAL_SYSTICK_Config
 .text.HAL_GPIO_Init
                0x080007fc      0x21c CMakeFiles/Delay_Based_on_TImer.elf.dir/Drivers/STM32F1xx_HAL_Driver/Src/stm32f1xx_hal_gpio.c.obj
                0x080007fc                HAL_GPIO_Init
 .text.RCC_Delay
                0x08000a18       0x2c CMakeFiles/Delay_Based_on_TImer.elf.dir/Drivers/STM32F1xx_HAL_Driver/Src/stm32f1xx_hal_rcc.c.obj
 .text.HAL_RCC_OscConfig
                0x08000a44      0x410 CMakeFiles/Delay_Based_on_TImer.elf.dir/Drivers/STM32F1xx_HAL_Driver/Src/stm32f1xx_hal_rcc.c.obj
                0x08000a44                HAL_RCC_OscConfig
 .text.HAL_RCC_GetSysClockFreq
                0x08000e54       0x54 CMakeFiles/Delay_Based_on_TImer.elf.dir/Drivers/STM32F1xx_HAL_Driver/Src/stm32f1xx_hal_rcc.c.obj
                0x08000e54                HAL_RCC_GetSysClockFreq
 .text.HAL_RCC_ClockConfig
                0x08000ea8      0x16c CMakeFiles/Delay_Based_on_TImer.elf.dir/Drivers/STM32F1xx_HAL_Driver/Src/stm32f1xx_hal_rcc.c.obj
                0x08000ea8                HAL_RCC_ClockConfig
 .text.HAL_RCC_GetHCLKFreq
                0x08001014        0xc CMakeFiles/Delay_Based_on_TImer.elf.dir/Drivers/STM32F1xx_HAL_Driver/Src/stm32f1xx_hal_rcc.c.obj
                0x08001014                HAL_RCC_GetHCLKFreq
 .text.HAL_RCC_GetPCLK1Freq
                0x08001020       0x20 CMakeFiles/Delay_Based_on_TImer.elf.dir/Drivers/STM32F1xx_HAL_Driver/Src/stm32f1xx_hal_rcc.c.obj
                0x08001020                HAL_RCC_GetPCLK1Freq
 .text.HAL_RCC_GetPCLK2Freq
                0x08001040       0x20 CMakeFiles/Delay_Based_on_TImer.elf.dir/Drivers/STM32F1xx_HAL_Driver/Src/stm32f1xx_hal_rcc.c.obj
                0x08001040                HAL_RCC_GetPCLK2Freq
 .text.TIM_TI1_ConfigInputStage
                0x08001060       0x24 CMakeFiles/Delay_Based_on_TImer.elf.dir/Drivers/STM32F1xx_HAL_Driver/Src/stm32f1xx_hal_tim.c.obj
 .text.TIM_TI2_ConfigInputStage
                0x08001084       0x26 CMakeFiles/Delay_Based_on_TImer.elf.dir/Drivers/STM32F1xx_HAL_Driver/Src/stm32f1xx_hal_tim.c.obj
 .text.TIM_ITRx_SetConfig
                0x080010aa       0x10 CMakeFiles/Delay_Based_on_TImer.elf.dir/Drivers/STM32F1xx_HAL_Driver/Src/stm32f1xx_hal_tim.c.obj
 *fill*         0x080010ba        0x2 
 .text.HAL_TIM_Base_Start
                0x080010bc       0x5c CMakeFiles/Delay_Based_on_TImer.elf.dir/Drivers/STM32F1xx_HAL_Driver/Src/stm32f1xx_hal_tim.c.obj
                0x080010bc                HAL_TIM_Base_Start
 .text.HAL_TIM_Base_Stop
                0x08001118       0x28 CMakeFiles/Delay_Based_on_TImer.elf.dir/Drivers/STM32F1xx_HAL_Driver/Src/stm32f1xx_hal_tim.c.obj
                0x08001118                HAL_TIM_Base_Stop
 .text.TIM_Base_SetConfig
                0x08001140       0x74 CMakeFiles/Delay_Based_on_TImer.elf.dir/Drivers/STM32F1xx_HAL_Driver/Src/stm32f1xx_hal_tim.c.obj
                0x08001140                TIM_Base_SetConfig
 .text.HAL_TIM_Base_Init
                0x080011b4       0x58 CMakeFiles/Delay_Based_on_TImer.elf.dir/Drivers/STM32F1xx_HAL_Driver/Src/stm32f1xx_hal_tim.c.obj
                0x080011b4                HAL_TIM_Base_Init
 .text.TIM_ETR_SetConfig
                0x0800120c       0x18 CMakeFiles/Delay_Based_on_TImer.elf.dir/Drivers/STM32F1xx_HAL_Driver/Src/stm32f1xx_hal_tim.c.obj
                0x0800120c                TIM_ETR_SetConfig
 .text.HAL_TIM_ConfigClockSource
                0x08001224       0xfe CMakeFiles/Delay_Based_on_TImer.elf.dir/Drivers/STM32F1xx_HAL_Driver/Src/stm32f1xx_hal_tim.c.obj
                0x08001224                HAL_TIM_ConfigClockSource
 *fill*         0x08001322        0x2 
 .text.HAL_TIMEx_MasterConfigSynchronization
                0x08001324       0x6c CMakeFiles/Delay_Based_on_TImer.elf.dir/Drivers/STM32F1xx_HAL_Driver/Src/stm32f1xx_hal_tim_ex.c.obj
                0x08001324                HAL_TIMEx_MasterConfigSynchronization
 .text.UART_SetConfig
                0x08001390       0x94 CMakeFiles/Delay_Based_on_TImer.elf.dir/Drivers/STM32F1xx_HAL_Driver/Src/stm32f1xx_hal_uart.c.obj
 .text.UART_WaitOnFlagUntilTimeout
                0x08001424       0x84 CMakeFiles/Delay_Based_on_TImer.elf.dir/Drivers/STM32F1xx_HAL_Driver/Src/stm32f1xx_hal_uart.c.obj
 .text.HAL_UART_Init
                0x080014a8       0x60 CMakeFiles/Delay_Based_on_TImer.elf.dir/Drivers/STM32F1xx_HAL_Driver/Src/stm32f1xx_hal_uart.c.obj
                0x080014a8                HAL_UART_Init
 .text.HAL_UART_Transmit
                0x08001508       0xbe CMakeFiles/Delay_Based_on_TImer.elf.dir/Drivers/STM32F1xx_HAL_Driver/Src/stm32f1xx_hal_uart.c.obj
                0x08001508                HAL_UART_Transmit
 *fill*         0x080015c6        0x2 
 .text.stdio_exit_handler
                0x080015c8       0x18 d:/toolchain_supports/arm-gnu-toolchain-12.2.mpacbti-rel1-mingw-w64-i686-arm-none-eabi/bin/../lib/gcc/arm-none-eabi/12.2.1/thumb/v7-m/nofp\libg.a(libc_a-findfp.o)
 .text.cleanup_stdio
                0x080015e0       0x40 d:/toolchain_supports/arm-gnu-toolchain-12.2.mpacbti-rel1-mingw-w64-i686-arm-none-eabi/bin/../lib/gcc/arm-none-eabi/12.2.1/thumb/v7-m/nofp\libg.a(libc_a-findfp.o)
 .text.global_stdio_init.part.0
                0x08001620       0xf0 d:/toolchain_supports/arm-gnu-toolchain-12.2.mpacbti-rel1-mingw-w64-i686-arm-none-eabi/bin/../lib/gcc/arm-none-eabi/12.2.1/thumb/v7-m/nofp\libg.a(libc_a-findfp.o)
 .text.__sinit  0x08001710       0x3c d:/toolchain_supports/arm-gnu-toolchain-12.2.mpacbti-rel1-mingw-w64-i686-arm-none-eabi/bin/../lib/gcc/arm-none-eabi/12.2.1/thumb/v7-m/nofp\libg.a(libc_a-findfp.o)
                0x08001710                __sinit
 .text.__sfp_lock_acquire
                0x0800174c        0xc d:/toolchain_supports/arm-gnu-toolchain-12.2.mpacbti-rel1-mingw-w64-i686-arm-none-eabi/bin/../lib/gcc/arm-none-eabi/12.2.1/thumb/v7-m/nofp\libg.a(libc_a-findfp.o)
                0x0800174c                __sfp_lock_acquire
 .text.__sfp_lock_release
                0x08001758        0xc d:/toolchain_supports/arm-gnu-toolchain-12.2.mpacbti-rel1-mingw-w64-i686-arm-none-eabi/bin/../lib/gcc/arm-none-eabi/12.2.1/thumb/v7-m/nofp\libg.a(libc_a-findfp.o)
                0x08001758                __sfp_lock_release
 .text._fwalk_sglue
                0x08001764       0x44 d:/toolchain_supports/arm-gnu-toolchain-12.2.mpacbti-rel1-mingw-w64-i686-arm-none-eabi/bin/../lib/gcc/arm-none-eabi/12.2.1/thumb/v7-m/nofp\libg.a(libc_a-fwalk.o)
                0x08001764                _fwalk_sglue
 .text._puts_r  0x080017a8       0x98 d:/toolchain_supports/arm-gnu-toolchain-12.2.mpacbti-rel1-mingw-w64-i686-arm-none-eabi/bin/../lib/gcc/arm-none-eabi/12.2.1/thumb/v7-m/nofp\libg.a(libc_a-puts.o)
                0x080017a8                _puts_r
 .text.puts     0x08001840       0x10 d:/toolchain_supports/arm-gnu-toolchain-12.2.mpacbti-rel1-mingw-w64-i686-arm-none-eabi/bin/../lib/gcc/arm-none-eabi/12.2.1/thumb/v7-m/nofp\libg.a(libc_a-puts.o)
                0x08001840                puts
 .text.__sread  0x08001850       0x24 d:/toolchain_supports/arm-gnu-toolchain-12.2.mpacbti-rel1-mingw-w64-i686-arm-none-eabi/bin/../lib/gcc/arm-none-eabi/12.2.1/thumb/v7-m/nofp\libg.a(libc_a-stdio.o)
                0x08001850                __sread
 .text.__swrite
                0x08001874       0x40 d:/toolchain_supports/arm-gnu-toolchain-12.2.mpacbti-rel1-mingw-w64-i686-arm-none-eabi/bin/../lib/gcc/arm-none-eabi/12.2.1/thumb/v7-m/nofp\libg.a(libc_a-stdio.o)
                0x08001874                __swrite
 .text.__sseek  0x080018b4       0x24 d:/toolchain_supports/arm-gnu-toolchain-12.2.mpacbti-rel1-mingw-w64-i686-arm-none-eabi/bin/../lib/gcc/arm-none-eabi/12.2.1/thumb/v7-m/nofp\libg.a(libc_a-stdio.o)
                0x080018b4                __sseek
 .text.__sclose
                0x080018d8        0x8 d:/toolchain_supports/arm-gnu-toolchain-12.2.mpacbti-rel1-mingw-w64-i686-arm-none-eabi/bin/../lib/gcc/arm-none-eabi/12.2.1/thumb/v7-m/nofp\libg.a(libc_a-stdio.o)
                0x080018d8                __sclose
 .text.memset   0x080018e0       0xa0 d:/toolchain_supports/arm-gnu-toolchain-12.2.mpacbti-rel1-mingw-w64-i686-arm-none-eabi/bin/../lib/gcc/arm-none-eabi/12.2.1/thumb/v7-m/nofp\libg.a(libc_a-memset.o)
                0x080018e0                memset
 .text._close_r
                0x08001980       0x24 d:/toolchain_supports/arm-gnu-toolchain-12.2.mpacbti-rel1-mingw-w64-i686-arm-none-eabi/bin/../lib/gcc/arm-none-eabi/12.2.1/thumb/v7-m/nofp\libg.a(libc_a-closer.o)
                0x08001980                _close_r
 .text._lseek_r
                0x080019a4       0x2c d:/toolchain_supports/arm-gnu-toolchain-12.2.mpacbti-rel1-mingw-w64-i686-arm-none-eabi/bin/../lib/gcc/arm-none-eabi/12.2.1/thumb/v7-m/nofp\libg.a(libc_a-lseekr.o)
                0x080019a4                _lseek_r
 .text._read_r  0x080019d0       0x2c d:/toolchain_supports/arm-gnu-toolchain-12.2.mpacbti-rel1-mingw-w64-i686-arm-none-eabi/bin/../lib/gcc/arm-none-eabi/12.2.1/thumb/v7-m/nofp\libg.a(libc_a-readr.o)
                0x080019d0                _read_r
 .text._write_r
                0x080019fc       0x2c d:/toolchain_supports/arm-gnu-toolchain-12.2.mpacbti-rel1-mingw-w64-i686-arm-none-eabi/bin/../lib/gcc/arm-none-eabi/12.2.1/thumb/v7-m/nofp\libg.a(libc_a-writer.o)
                0x080019fc                _write_r
 .text.__errno  0x08001a28        0xc d:/toolchain_supports/arm-gnu-toolchain-12.2.mpacbti-rel1-mingw-w64-i686-arm-none-eabi/bin/../lib/gcc/arm-none-eabi/12.2.1/thumb/v7-m/nofp\libg.a(libc_a-errno.o)
                0x08001a28                __errno
 .text.__libc_init_array
                0x08001a34       0x50 d:/toolchain_supports/arm-gnu-toolchain-12.2.mpacbti-rel1-mingw-w64-i686-arm-none-eabi/bin/../lib/gcc/arm-none-eabi/12.2.1/thumb/v7-m/nofp\libg.a(libc_a-init.o)
                0x08001a34                __libc_init_array
 .text.__retarget_lock_init_recursive
                0x08001a84        0x4 d:/toolchain_supports/arm-gnu-toolchain-12.2.mpacbti-rel1-mingw-w64-i686-arm-none-eabi/bin/../lib/gcc/arm-none-eabi/12.2.1/thumb/v7-m/nofp\libg.a(libc_a-lock.o)
                0x08001a84                __retarget_lock_init_recursive
 .text.__retarget_lock_close_recursive
                0x08001a88        0x4 d:/toolchain_supports/arm-gnu-toolchain-12.2.mpacbti-rel1-mingw-w64-i686-arm-none-eabi/bin/../lib/gcc/arm-none-eabi/12.2.1/thumb/v7-m/nofp\libg.a(libc_a-lock.o)
                0x08001a88                __retarget_lock_close_recursive
 .text.__retarget_lock_acquire_recursive
                0x08001a8c        0x4 d:/toolchain_supports/arm-gnu-toolchain-12.2.mpacbti-rel1-mingw-w64-i686-arm-none-eabi/bin/../lib/gcc/arm-none-eabi/12.2.1/thumb/v7-m/nofp\libg.a(libc_a-lock.o)
                0x08001a8c                __retarget_lock_acquire_recursive
 .text.__retarget_lock_release_recursive
                0x08001a90        0x4 d:/toolchain_supports/arm-gnu-toolchain-12.2.mpacbti-rel1-mingw-w64-i686-arm-none-eabi/bin/../lib/gcc/arm-none-eabi/12.2.1/thumb/v7-m/nofp\libg.a(libc_a-lock.o)
                0x08001a90                __retarget_lock_release_recursive
 .text.strlen   0x08001a94       0x5c d:/toolchain_supports/arm-gnu-toolchain-12.2.mpacbti-rel1-mingw-w64-i686-arm-none-eabi/bin/../lib/gcc/arm-none-eabi/12.2.1/thumb/v7-m/nofp\libg.a(libc_a-strlen-stub.o)
                0x08001a94                strlen
 .text.startup.register_fini
                0x08001af0       0x14 d:/toolchain_supports/arm-gnu-toolchain-12.2.mpacbti-rel1-mingw-w64-i686-arm-none-eabi/bin/../lib/gcc/arm-none-eabi/12.2.1/thumb/v7-m/nofp\libg.a(libc_a-__call_atexit.o)
 .text.atexit   0x08001b04        0xc d:/toolchain_supports/arm-gnu-toolchain-12.2.mpacbti-rel1-mingw-w64-i686-arm-none-eabi/bin/../lib/gcc/arm-none-eabi/12.2.1/thumb/v7-m/nofp\libg.a(libc_a-atexit.o)
                0x08001b04                atexit
 .text._malloc_trim_r
                0x08001b10       0xb8 d:/toolchain_supports/arm-gnu-toolchain-12.2.mpacbti-rel1-mingw-w64-i686-arm-none-eabi/bin/../lib/gcc/arm-none-eabi/12.2.1/thumb/v7-m/nofp\libg.a(libc_a-freer.o)
                0x08001b10                _malloc_trim_r
 .text._free_r  0x08001bc8      0x1fc d:/toolchain_supports/arm-gnu-toolchain-12.2.mpacbti-rel1-mingw-w64-i686-arm-none-eabi/bin/../lib/gcc/arm-none-eabi/12.2.1/thumb/v7-m/nofp\libg.a(libc_a-freer.o)
                0x08001bc8                _free_r
 .text._malloc_r
                0x08001dc4      0x570 d:/toolchain_supports/arm-gnu-toolchain-12.2.mpacbti-rel1-mingw-w64-i686-arm-none-eabi/bin/../lib/gcc/arm-none-eabi/12.2.1/thumb/v7-m/nofp\libg.a(libc_a-mallocr.o)
                0x08001dc4                _malloc_r
 .text.__malloc_lock
                0x08002334        0xc d:/toolchain_supports/arm-gnu-toolchain-12.2.mpacbti-rel1-mingw-w64-i686-arm-none-eabi/bin/../lib/gcc/arm-none-eabi/12.2.1/thumb/v7-m/nofp\libg.a(libc_a-mlock.o)
                0x08002334                __malloc_lock
 .text.__malloc_unlock
                0x08002340        0xc d:/toolchain_supports/arm-gnu-toolchain-12.2.mpacbti-rel1-mingw-w64-i686-arm-none-eabi/bin/../lib/gcc/arm-none-eabi/12.2.1/thumb/v7-m/nofp\libg.a(libc_a-mlock.o)
                0x08002340                __malloc_unlock
 .text._fclose_r
                0x0800234c       0xc0 d:/toolchain_supports/arm-gnu-toolchain-12.2.mpacbti-rel1-mingw-w64-i686-arm-none-eabi/bin/../lib/gcc/arm-none-eabi/12.2.1/thumb/v7-m/nofp\libg.a(libc_a-fclose.o)
                0x0800234c                _fclose_r
 .text.__sflush_r
                0x0800240c      0x128 d:/toolchain_supports/arm-gnu-toolchain-12.2.mpacbti-rel1-mingw-w64-i686-arm-none-eabi/bin/../lib/gcc/arm-none-eabi/12.2.1/thumb/v7-m/nofp\libg.a(libc_a-fflush.o)
                0x0800240c                __sflush_r
 .text._fflush_r
                0x08002534       0x54 d:/toolchain_supports/arm-gnu-toolchain-12.2.mpacbti-rel1-mingw-w64-i686-arm-none-eabi/bin/../lib/gcc/arm-none-eabi/12.2.1/thumb/v7-m/nofp\libg.a(libc_a-fflush.o)
                0x08002534                _fflush_r
 .text.__sfvwrite_r
                0x08002588      0x2ec d:/toolchain_supports/arm-gnu-toolchain-12.2.mpacbti-rel1-mingw-w64-i686-arm-none-eabi/bin/../lib/gcc/arm-none-eabi/12.2.1/thumb/v7-m/nofp\libg.a(libc_a-fvwrite.o)
                0x08002588                __sfvwrite_r
 .text.__swsetup_r
                0x08002874       0xc0 d:/toolchain_supports/arm-gnu-toolchain-12.2.mpacbti-rel1-mingw-w64-i686-arm-none-eabi/bin/../lib/gcc/arm-none-eabi/12.2.1/thumb/v7-m/nofp\libg.a(libc_a-wsetup.o)
                0x08002874                __swsetup_r
 .text.memmove  0x08002934       0xfc d:/toolchain_supports/arm-gnu-toolchain-12.2.mpacbti-rel1-mingw-w64-i686-arm-none-eabi/bin/../lib/gcc/arm-none-eabi/12.2.1/thumb/v7-m/nofp\libg.a(libc_a-memmove.o)
                0x08002934                memmove
 .text._sbrk_r  0x08002a30       0x24 d:/toolchain_supports/arm-gnu-toolchain-12.2.mpacbti-rel1-mingw-w64-i686-arm-none-eabi/bin/../lib/gcc/arm-none-eabi/12.2.1/thumb/v7-m/nofp\libg.a(libc_a-sbrkr.o)
                0x08002a30                _sbrk_r
 .text.__libc_fini_array
                0x08002a54       0x28 d:/toolchain_supports/arm-gnu-toolchain-12.2.mpacbti-rel1-mingw-w64-i686-arm-none-eabi/bin/../lib/gcc/arm-none-eabi/12.2.1/thumb/v7-m/nofp\libg.a(libc_a-fini.o)
                0x08002a54                __libc_fini_array
 .text.sysconf  0x08002a7c       0x1c d:/toolchain_supports/arm-gnu-toolchain-12.2.mpacbti-rel1-mingw-w64-i686-arm-none-eabi/bin/../lib/gcc/arm-none-eabi/12.2.1/thumb/v7-m/nofp\libg.a(libc_a-sysconf.o)
                0x08002a7c                sysconf
 .text.memchr   0x08002a98       0x98 d:/toolchain_supports/arm-gnu-toolchain-12.2.mpacbti-rel1-mingw-w64-i686-arm-none-eabi/bin/../lib/gcc/arm-none-eabi/12.2.1/thumb/v7-m/nofp\libg.a(libc_a-memchr-stub.o)
                0x08002a98                memchr
 .text.__register_exitproc
                0x08002b30       0x80 d:/toolchain_supports/arm-gnu-toolchain-12.2.mpacbti-rel1-mingw-w64-i686-arm-none-eabi/bin/../lib/gcc/arm-none-eabi/12.2.1/thumb/v7-m/nofp\libg.a(libc_a-__atexit.o)
                0x08002b30                __register_exitproc
 .text._realloc_r
                0x08002bb0      0x34c d:/toolchain_supports/arm-gnu-toolchain-12.2.mpacbti-rel1-mingw-w64-i686-arm-none-eabi/bin/../lib/gcc/arm-none-eabi/12.2.1/thumb/v7-m/nofp\libg.a(libc_a-reallocr.o)
                0x08002bb0                _realloc_r
 .text.__smakebuf_r
                0x08002efc       0xdc d:/toolchain_supports/arm-gnu-toolchain-12.2.mpacbti-rel1-mingw-w64-i686-arm-none-eabi/bin/../lib/gcc/arm-none-eabi/12.2.1/thumb/v7-m/nofp\libg.a(libc_a-makebuf.o)
                0x08002efc                __smakebuf_r
 .text._fstat_r
                0x08002fd8       0x28 d:/toolchain_supports/arm-gnu-toolchain-12.2.mpacbti-rel1-mingw-w64-i686-arm-none-eabi/bin/../lib/gcc/arm-none-eabi/12.2.1/thumb/v7-m/nofp\libg.a(libc_a-fstatr.o)
                0x08002fd8                _fstat_r
 .text._isatty_r
                0x08003000       0x24 d:/toolchain_supports/arm-gnu-toolchain-12.2.mpacbti-rel1-mingw-w64-i686-arm-none-eabi/bin/../lib/gcc/arm-none-eabi/12.2.1/thumb/v7-m/nofp\libg.a(libc_a-isattyr.o)
                0x08003000                _isatty_r
 *(.glue_7)
 .glue_7        0x08003024        0x0 linker stubs
 *(.glue_7t)
 .glue_7t       0x08003024        0x0 linker stubs
 *(.eh_frame)
 .eh_frame      0x08003024        0x0 d:/toolchain_supports/arm-gnu-toolchain-12.2.mpacbti-rel1-mingw-w64-i686-arm-none-eabi/bin/../lib/gcc/arm-none-eabi/12.2.1/thumb/v7-m/nofp/crtbegin.o
 *(.init)
 .init          0x08003024        0x4 d:/toolchain_supports/arm-gnu-toolchain-12.2.mpacbti-rel1-mingw-w64-i686-arm-none-eabi/bin/../lib/gcc/arm-none-eabi/12.2.1/thumb/v7-m/nofp/crti.o
                0x08003024                _init
 .init          0x08003028        0x8 d:/toolchain_supports/arm-gnu-toolchain-12.2.mpacbti-rel1-mingw-w64-i686-arm-none-eabi/bin/../lib/gcc/arm-none-eabi/12.2.1/thumb/v7-m/nofp/crtn.o
 *(.fini)
 .fini          0x08003030        0x4 d:/toolchain_supports/arm-gnu-toolchain-12.2.mpacbti-rel1-mingw-w64-i686-arm-none-eabi/bin/../lib/gcc/arm-none-eabi/12.2.1/thumb/v7-m/nofp/crti.o
                0x08003030                _fini
 .fini          0x08003034        0x8 d:/toolchain_supports/arm-gnu-toolchain-12.2.mpacbti-rel1-mingw-w64-i686-arm-none-eabi/bin/../lib/gcc/arm-none-eabi/12.2.1/thumb/v7-m/nofp/crtn.o
                0x0800303c                        . = ALIGN (0x4)
                0x0800303c                        _etext = .

.vfp11_veneer   0x0800303c        0x0
 .vfp11_veneer  0x0800303c        0x0 linker stubs

.v4_bx          0x0800303c        0x0
 .v4_bx         0x0800303c        0x0 linker stubs

.iplt           0x0800303c        0x0
 .iplt          0x0800303c        0x0 d:/toolchain_supports/arm-gnu-toolchain-12.2.mpacbti-rel1-mingw-w64-i686-arm-none-eabi/bin/../lib/gcc/arm-none-eabi/12.2.1/thumb/v7-m/nofp/crtbegin.o

.rodata         0x0800303c       0x3c
                0x0800303c                        . = ALIGN (0x4)
 *(.rodata)
 *(.rodata*)
 .rodata.main.str1.4
                0x0800303c        0xc CMakeFiles/Delay_Based_on_TImer.elf.dir/Core/Src/main.c.obj
 .rodata.APBPrescTable
                0x08003048        0x8 CMakeFiles/Delay_Based_on_TImer.elf.dir/Core/Src/system_stm32f1xx.c.obj
                0x08003048                APBPrescTable
 .rodata.AHBPrescTable
                0x08003050       0x10 CMakeFiles/Delay_Based_on_TImer.elf.dir/Core/Src/system_stm32f1xx.c.obj
                0x08003050                AHBPrescTable
 .rodata.aPredivFactorTable.0
                0x08003060        0x2 CMakeFiles/Delay_Based_on_TImer.elf.dir/Drivers/STM32F1xx_HAL_Driver/Src/stm32f1xx_hal_rcc.c.obj
 *fill*         0x08003062        0x2 
 .rodata.aPLLMULFactorTable.1
                0x08003064       0x10 CMakeFiles/Delay_Based_on_TImer.elf.dir/Drivers/STM32F1xx_HAL_Driver/Src/stm32f1xx_hal_rcc.c.obj
 .rodata._puts_r.str1.4
                0x08003074        0x2 d:/toolchain_supports/arm-gnu-toolchain-12.2.mpacbti-rel1-mingw-w64-i686-arm-none-eabi/bin/../lib/gcc/arm-none-eabi/12.2.1/thumb/v7-m/nofp\libg.a(libc_a-puts.o)
                0x08003078                        . = ALIGN (0x4)
 *fill*         0x08003076        0x2 

.ARM.extab      0x08003078        0x0
                0x08003078                        . = ALIGN (0x4)
 *(.ARM.extab* .gnu.linkonce.armextab.*)
                0x08003078                        . = ALIGN (0x4)

.ARM            0x08003078        0x8
                0x08003078                        . = ALIGN (0x4)
                0x08003078                        __exidx_start = .
 *(.ARM.exidx*)
 .ARM.exidx     0x08003078        0x8 d:/toolchain_supports/arm-gnu-toolchain-12.2.mpacbti-rel1-mingw-w64-i686-arm-none-eabi/bin/../lib/gcc/arm-none-eabi/12.2.1/thumb/v7-m/nofp\libg.a(libc_a-memcpy.o)
                0x08003080                        __exidx_end = .
                0x08003080                        . = ALIGN (0x4)

.rel.dyn        0x08003080        0x0
 .rel.iplt      0x08003080        0x0 d:/toolchain_supports/arm-gnu-toolchain-12.2.mpacbti-rel1-mingw-w64-i686-arm-none-eabi/bin/../lib/gcc/arm-none-eabi/12.2.1/thumb/v7-m/nofp/crtbegin.o

.preinit_array  0x08003080        0x0
                0x08003080                        . = ALIGN (0x4)
                0x08003080                        PROVIDE (__preinit_array_start = .)
 *(.preinit_array*)
                0x08003080                        PROVIDE (__preinit_array_end = .)
                0x08003080                        . = ALIGN (0x4)

.init_array     0x08003080        0x8
                0x08003080                        . = ALIGN (0x4)
                0x08003080                        PROVIDE (__init_array_start = .)
 *(SORT_BY_NAME(.init_array.*))
 .init_array.00000
                0x08003080        0x4 d:/toolchain_supports/arm-gnu-toolchain-12.2.mpacbti-rel1-mingw-w64-i686-arm-none-eabi/bin/../lib/gcc/arm-none-eabi/12.2.1/thumb/v7-m/nofp\libg.a(libc_a-__call_atexit.o)
 *(.init_array*)
 .init_array    0x08003084        0x4 d:/toolchain_supports/arm-gnu-toolchain-12.2.mpacbti-rel1-mingw-w64-i686-arm-none-eabi/bin/../lib/gcc/arm-none-eabi/12.2.1/thumb/v7-m/nofp/crtbegin.o
                0x08003088                        PROVIDE (__init_array_end = .)
                0x08003088                        . = ALIGN (0x4)

.fini_array     0x08003088        0x4
                0x08003088                        . = ALIGN (0x4)
                0x08003088                        PROVIDE (__fini_array_start = .)
 *(SORT_BY_NAME(.fini_array.*))
 *(.fini_array*)
 .fini_array    0x08003088        0x4 d:/toolchain_supports/arm-gnu-toolchain-12.2.mpacbti-rel1-mingw-w64-i686-arm-none-eabi/bin/../lib/gcc/arm-none-eabi/12.2.1/thumb/v7-m/nofp/crtbegin.o
                0x0800308c                        PROVIDE (__fini_array_end = .)
                0x0800308c                        . = ALIGN (0x4)
                0x0800308c                        _sidata = LOADADDR (.data)

.data           0x20000000      0x558 load address 0x0800308c
                0x20000000                        . = ALIGN (0x4)
                0x20000000                        _sdata = .
 *(.data)
 *(.data*)
 .data.SystemCoreClock
                0x20000000        0x4 CMakeFiles/Delay_Based_on_TImer.elf.dir/Core/Src/system_stm32f1xx.c.obj
                0x20000000                SystemCoreClock
 .data.uwTickFreq
                0x20000004        0x1 CMakeFiles/Delay_Based_on_TImer.elf.dir/Drivers/STM32F1xx_HAL_Driver/Src/stm32f1xx_hal.c.obj
                0x20000004                uwTickFreq
 *fill*         0x20000005        0x3 
 .data.uwTickPrio
                0x20000008        0x4 CMakeFiles/Delay_Based_on_TImer.elf.dir/Drivers/STM32F1xx_HAL_Driver/Src/stm32f1xx_hal.c.obj
                0x20000008                uwTickPrio
 .data.__sglue  0x2000000c        0xc d:/toolchain_supports/arm-gnu-toolchain-12.2.mpacbti-rel1-mingw-w64-i686-arm-none-eabi/bin/../lib/gcc/arm-none-eabi/12.2.1/thumb/v7-m/nofp\libg.a(libc_a-findfp.o)
                0x2000000c                __sglue
 .data._impure_ptr
                0x20000018        0x4 d:/toolchain_supports/arm-gnu-toolchain-12.2.mpacbti-rel1-mingw-w64-i686-arm-none-eabi/bin/../lib/gcc/arm-none-eabi/12.2.1/thumb/v7-m/nofp\libg.a(libc_a-impure.o)
                0x20000018                _impure_ptr
 *fill*         0x2000001c        0x4 
 .data._impure_data
                0x20000020      0x120 d:/toolchain_supports/arm-gnu-toolchain-12.2.mpacbti-rel1-mingw-w64-i686-arm-none-eabi/bin/../lib/gcc/arm-none-eabi/12.2.1/thumb/v7-m/nofp\libg.a(libc_a-impure.o)
                0x20000020                _impure_data
 .data.__atexit_recursive_mutex
                0x20000140        0x4 d:/toolchain_supports/arm-gnu-toolchain-12.2.mpacbti-rel1-mingw-w64-i686-arm-none-eabi/bin/../lib/gcc/arm-none-eabi/12.2.1/thumb/v7-m/nofp\libg.a(libc_a-__call_atexit.o)
                0x20000140                __atexit_recursive_mutex
 .data.__malloc_sbrk_base
                0x20000144        0x4 d:/toolchain_supports/arm-gnu-toolchain-12.2.mpacbti-rel1-mingw-w64-i686-arm-none-eabi/bin/../lib/gcc/arm-none-eabi/12.2.1/thumb/v7-m/nofp\libg.a(libc_a-mallocr.o)
                0x20000144                __malloc_sbrk_base
 .data.__malloc_trim_threshold
                0x20000148        0x4 d:/toolchain_supports/arm-gnu-toolchain-12.2.mpacbti-rel1-mingw-w64-i686-arm-none-eabi/bin/../lib/gcc/arm-none-eabi/12.2.1/thumb/v7-m/nofp\libg.a(libc_a-mallocr.o)
                0x20000148                __malloc_trim_threshold
 *fill*         0x2000014c        0x4 
 .data.__malloc_av_
                0x20000150      0x408 d:/toolchain_supports/arm-gnu-toolchain-12.2.mpacbti-rel1-mingw-w64-i686-arm-none-eabi/bin/../lib/gcc/arm-none-eabi/12.2.1/thumb/v7-m/nofp\libg.a(libc_a-mallocr.o)
                0x20000150                __malloc_av_
 *(.RamFunc)
 *(.RamFunc*)
                0x20000558                        . = ALIGN (0x4)
                0x20000558                        _edata = .

.tm_clone_table
                0x20000558        0x0 load address 0x080035e4
 .tm_clone_table
                0x20000558        0x0 d:/toolchain_supports/arm-gnu-toolchain-12.2.mpacbti-rel1-mingw-w64-i686-arm-none-eabi/bin/../lib/gcc/arm-none-eabi/12.2.1/thumb/v7-m/nofp/crtbegin.o
 .tm_clone_table
                0x20000558        0x0 d:/toolchain_supports/arm-gnu-toolchain-12.2.mpacbti-rel1-mingw-w64-i686-arm-none-eabi/bin/../lib/gcc/arm-none-eabi/12.2.1/thumb/v7-m/nofp/crtend.o

.igot.plt       0x20000558        0x0 load address 0x080035e4
 .igot.plt      0x20000558        0x0 d:/toolchain_supports/arm-gnu-toolchain-12.2.mpacbti-rel1-mingw-w64-i686-arm-none-eabi/bin/../lib/gcc/arm-none-eabi/12.2.1/thumb/v7-m/nofp/crtbegin.o
                0x20000558                        . = ALIGN (0x4)

.bss            0x20000558      0x3c8 load address 0x080035e4
                0x20000558                        _sbss = .
                0x20000558                        __bss_start__ = _sbss
 *(.bss)
 *(.bss*)
 .bss.completed.1
                0x20000558        0x1 d:/toolchain_supports/arm-gnu-toolchain-12.2.mpacbti-rel1-mingw-w64-i686-arm-none-eabi/bin/../lib/gcc/arm-none-eabi/12.2.1/thumb/v7-m/nofp/crtbegin.o
 *fill*         0x20000559        0x3 
 .bss.object.0  0x2000055c       0x18 d:/toolchain_supports/arm-gnu-toolchain-12.2.mpacbti-rel1-mingw-w64-i686-arm-none-eabi/bin/../lib/gcc/arm-none-eabi/12.2.1/thumb/v7-m/nofp/crtbegin.o
 .bss.__sbrk_heap_end
                0x20000574        0x4 CMakeFiles/Delay_Based_on_TImer.elf.dir/Core/Src/sysmem.c.obj
 .bss.htim4     0x20000578       0x48 CMakeFiles/Delay_Based_on_TImer.elf.dir/Core/Src/tim.c.obj
                0x20000578                htim4
 .bss.huart1    0x200005c0       0x48 CMakeFiles/Delay_Based_on_TImer.elf.dir/Core/Src/usart.c.obj
                0x200005c0                huart1
 .bss.uwTick    0x20000608        0x4 CMakeFiles/Delay_Based_on_TImer.elf.dir/Drivers/STM32F1xx_HAL_Driver/Src/stm32f1xx_hal.c.obj
                0x20000608                uwTick
 .bss.__sf      0x2000060c      0x138 d:/toolchain_supports/arm-gnu-toolchain-12.2.mpacbti-rel1-mingw-w64-i686-arm-none-eabi/bin/../lib/gcc/arm-none-eabi/12.2.1/thumb/v7-m/nofp\libg.a(libc_a-findfp.o)
                0x2000060c                __sf
 .bss.__stdio_exit_handler
                0x20000744        0x4 d:/toolchain_supports/arm-gnu-toolchain-12.2.mpacbti-rel1-mingw-w64-i686-arm-none-eabi/bin/../lib/gcc/arm-none-eabi/12.2.1/thumb/v7-m/nofp\libg.a(libc_a-findfp.o)
                0x20000744                __stdio_exit_handler
 .bss.errno     0x20000748        0x4 d:/toolchain_supports/arm-gnu-toolchain-12.2.mpacbti-rel1-mingw-w64-i686-arm-none-eabi/bin/../lib/gcc/arm-none-eabi/12.2.1/thumb/v7-m/nofp\libg.a(libc_a-reent.o)
                0x20000748                errno
 .bss.__lock___malloc_recursive_mutex
                0x2000074c        0x1 d:/toolchain_supports/arm-gnu-toolchain-12.2.mpacbti-rel1-mingw-w64-i686-arm-none-eabi/bin/../lib/gcc/arm-none-eabi/12.2.1/thumb/v7-m/nofp\libg.a(libc_a-lock.o)
                0x2000074c                __lock___malloc_recursive_mutex
 *fill*         0x2000074d        0x3 
 .bss.__lock___atexit_recursive_mutex
                0x20000750        0x1 d:/toolchain_supports/arm-gnu-toolchain-12.2.mpacbti-rel1-mingw-w64-i686-arm-none-eabi/bin/../lib/gcc/arm-none-eabi/12.2.1/thumb/v7-m/nofp\libg.a(libc_a-lock.o)
                0x20000750                __lock___atexit_recursive_mutex
 *fill*         0x20000751        0x3 
 .bss.__lock___sfp_recursive_mutex
                0x20000754        0x1 d:/toolchain_supports/arm-gnu-toolchain-12.2.mpacbti-rel1-mingw-w64-i686-arm-none-eabi/bin/../lib/gcc/arm-none-eabi/12.2.1/thumb/v7-m/nofp\libg.a(libc_a-lock.o)
                0x20000754                __lock___sfp_recursive_mutex
 *fill*         0x20000755        0x3 
 .bss.__atexit  0x20000758        0x4 d:/toolchain_supports/arm-gnu-toolchain-12.2.mpacbti-rel1-mingw-w64-i686-arm-none-eabi/bin/../lib/gcc/arm-none-eabi/12.2.1/thumb/v7-m/nofp\libg.a(libc_a-__call_atexit.o)
                0x20000758                __atexit
 .bss.__malloc_current_mallinfo
                0x2000075c       0x28 d:/toolchain_supports/arm-gnu-toolchain-12.2.mpacbti-rel1-mingw-w64-i686-arm-none-eabi/bin/../lib/gcc/arm-none-eabi/12.2.1/thumb/v7-m/nofp\libg.a(libc_a-mallocr.o)
                0x2000075c                __malloc_current_mallinfo
 .bss.__malloc_max_total_mem
                0x20000784        0x4 d:/toolchain_supports/arm-gnu-toolchain-12.2.mpacbti-rel1-mingw-w64-i686-arm-none-eabi/bin/../lib/gcc/arm-none-eabi/12.2.1/thumb/v7-m/nofp\libg.a(libc_a-mallocr.o)
                0x20000784                __malloc_max_total_mem
 .bss.__malloc_max_sbrked_mem
                0x20000788        0x4 d:/toolchain_supports/arm-gnu-toolchain-12.2.mpacbti-rel1-mingw-w64-i686-arm-none-eabi/bin/../lib/gcc/arm-none-eabi/12.2.1/thumb/v7-m/nofp\libg.a(libc_a-mallocr.o)
                0x20000788                __malloc_max_sbrked_mem
 .bss.__malloc_top_pad
                0x2000078c        0x4 d:/toolchain_supports/arm-gnu-toolchain-12.2.mpacbti-rel1-mingw-w64-i686-arm-none-eabi/bin/../lib/gcc/arm-none-eabi/12.2.1/thumb/v7-m/nofp\libg.a(libc_a-mallocr.o)
                0x2000078c                __malloc_top_pad
 .bss.__atexit0
                0x20000790      0x190 d:/toolchain_supports/arm-gnu-toolchain-12.2.mpacbti-rel1-mingw-w64-i686-arm-none-eabi/bin/../lib/gcc/arm-none-eabi/12.2.1/thumb/v7-m/nofp\libg.a(libc_a-__atexit.o)
                0x20000790                __atexit0
 *(COMMON)
                0x20000920                        . = ALIGN (0x4)
                0x20000920                        _ebss = .
                0x20000920                        __bss_end__ = _ebss

._user_heap_stack
                0x20000920      0x600 load address 0x080035e4
                0x20000920                        . = ALIGN (0x8)
                [!provide]                        PROVIDE (end = .)
                0x20000920                        PROVIDE (_end = .)
                0x20000b20                        . = (. + _Min_Heap_Size)
 *fill*         0x20000920      0x200 
                0x20000f20                        . = (. + _Min_Stack_Size)
 *fill*         0x20000b20      0x400 
                0x20000f20                        . = ALIGN (0x8)

/DISCARD/
 libc.a(*)
 libm.a(*)
 libgcc.a(*)

.ARM.attributes
                0x00000000       0x29
 *(.ARM.attributes)
 .ARM.attributes
                0x00000000       0x1d d:/toolchain_supports/arm-gnu-toolchain-12.2.mpacbti-rel1-mingw-w64-i686-arm-none-eabi/bin/../lib/gcc/arm-none-eabi/12.2.1/thumb/v7-m/nofp/crti.o
 .ARM.attributes
                0x0000001d       0x2d d:/toolchain_supports/arm-gnu-toolchain-12.2.mpacbti-rel1-mingw-w64-i686-arm-none-eabi/bin/../lib/gcc/arm-none-eabi/12.2.1/thumb/v7-m/nofp/crtbegin.o
 .ARM.attributes
                0x0000004a       0x2d CMakeFiles/Delay_Based_on_TImer.elf.dir/Core/Src/gpio.c.obj
 .ARM.attributes
                0x00000077       0x2d CMakeFiles/Delay_Based_on_TImer.elf.dir/Core/Src/main.c.obj
 .ARM.attributes
                0x000000a4       0x2d CMakeFiles/Delay_Based_on_TImer.elf.dir/Core/Src/stm32f1xx_hal_msp.c.obj
 .ARM.attributes
                0x000000d1       0x2d CMakeFiles/Delay_Based_on_TImer.elf.dir/Core/Src/stm32f1xx_it.c.obj
 .ARM.attributes
                0x000000fe       0x2d CMakeFiles/Delay_Based_on_TImer.elf.dir/Core/Src/syscalls.c.obj
 .ARM.attributes
                0x0000012b       0x2d CMakeFiles/Delay_Based_on_TImer.elf.dir/Core/Src/sysmem.c.obj
 .ARM.attributes
                0x00000158       0x2d CMakeFiles/Delay_Based_on_TImer.elf.dir/Core/Src/system_stm32f1xx.c.obj
 .ARM.attributes
                0x00000185       0x2d CMakeFiles/Delay_Based_on_TImer.elf.dir/Core/Src/tim.c.obj
 .ARM.attributes
                0x000001b2       0x2d CMakeFiles/Delay_Based_on_TImer.elf.dir/Core/Src/usart.c.obj
 .ARM.attributes
                0x000001df       0x21 CMakeFiles/Delay_Based_on_TImer.elf.dir/Core/Startup/startup_stm32f103c8tx.s.obj
 .ARM.attributes
                0x00000200       0x2d CMakeFiles/Delay_Based_on_TImer.elf.dir/Delay/delay.c.obj
 .ARM.attributes
                0x0000022d       0x2d CMakeFiles/Delay_Based_on_TImer.elf.dir/Drivers/STM32F1xx_HAL_Driver/Src/stm32f1xx_hal.c.obj
 .ARM.attributes
                0x0000025a       0x2d CMakeFiles/Delay_Based_on_TImer.elf.dir/Drivers/STM32F1xx_HAL_Driver/Src/stm32f1xx_hal_cortex.c.obj
 .ARM.attributes
                0x00000287       0x2d CMakeFiles/Delay_Based_on_TImer.elf.dir/Drivers/STM32F1xx_HAL_Driver/Src/stm32f1xx_hal_gpio.c.obj
 .ARM.attributes
                0x000002b4       0x2d CMakeFiles/Delay_Based_on_TImer.elf.dir/Drivers/STM32F1xx_HAL_Driver/Src/stm32f1xx_hal_rcc.c.obj
 .ARM.attributes
                0x000002e1       0x2d CMakeFiles/Delay_Based_on_TImer.elf.dir/Drivers/STM32F1xx_HAL_Driver/Src/stm32f1xx_hal_tim.c.obj
 .ARM.attributes
                0x0000030e       0x2d CMakeFiles/Delay_Based_on_TImer.elf.dir/Drivers/STM32F1xx_HAL_Driver/Src/stm32f1xx_hal_tim_ex.c.obj
 .ARM.attributes
                0x0000033b       0x2d CMakeFiles/Delay_Based_on_TImer.elf.dir/Drivers/STM32F1xx_HAL_Driver/Src/stm32f1xx_hal_uart.c.obj
 .ARM.attributes
                0x00000368       0x2d d:/toolchain_supports/arm-gnu-toolchain-12.2.mpacbti-rel1-mingw-w64-i686-arm-none-eabi/bin/../lib/gcc/arm-none-eabi/12.2.1/thumb/v7-m/nofp\libg.a(libc_a-findfp.o)
 .ARM.attributes
                0x00000395       0x2d d:/toolchain_supports/arm-gnu-toolchain-12.2.mpacbti-rel1-mingw-w64-i686-arm-none-eabi/bin/../lib/gcc/arm-none-eabi/12.2.1/thumb/v7-m/nofp\libg.a(libc_a-fwalk.o)
 .ARM.attributes
                0x000003c2       0x2d d:/toolchain_supports/arm-gnu-toolchain-12.2.mpacbti-rel1-mingw-w64-i686-arm-none-eabi/bin/../lib/gcc/arm-none-eabi/12.2.1/thumb/v7-m/nofp\libg.a(libc_a-puts.o)
 .ARM.attributes
                0x000003ef       0x2d d:/toolchain_supports/arm-gnu-toolchain-12.2.mpacbti-rel1-mingw-w64-i686-arm-none-eabi/bin/../lib/gcc/arm-none-eabi/12.2.1/thumb/v7-m/nofp\libg.a(libc_a-stdio.o)
 .ARM.attributes
                0x0000041c       0x2d d:/toolchain_supports/arm-gnu-toolchain-12.2.mpacbti-rel1-mingw-w64-i686-arm-none-eabi/bin/../lib/gcc/arm-none-eabi/12.2.1/thumb/v7-m/nofp\libg.a(libc_a-memset.o)
 .ARM.attributes
                0x00000449       0x2d d:/toolchain_supports/arm-gnu-toolchain-12.2.mpacbti-rel1-mingw-w64-i686-arm-none-eabi/bin/../lib/gcc/arm-none-eabi/12.2.1/thumb/v7-m/nofp\libg.a(libc_a-closer.o)
 .ARM.attributes
                0x00000476       0x2d d:/toolchain_supports/arm-gnu-toolchain-12.2.mpacbti-rel1-mingw-w64-i686-arm-none-eabi/bin/../lib/gcc/arm-none-eabi/12.2.1/thumb/v7-m/nofp\libg.a(libc_a-reent.o)
 .ARM.attributes
                0x000004a3       0x2d d:/toolchain_supports/arm-gnu-toolchain-12.2.mpacbti-rel1-mingw-w64-i686-arm-none-eabi/bin/../lib/gcc/arm-none-eabi/12.2.1/thumb/v7-m/nofp\libg.a(libc_a-impure.o)
 .ARM.attributes
                0x000004d0       0x2d d:/toolchain_supports/arm-gnu-toolchain-12.2.mpacbti-rel1-mingw-w64-i686-arm-none-eabi/bin/../lib/gcc/arm-none-eabi/12.2.1/thumb/v7-m/nofp\libg.a(libc_a-lseekr.o)
 .ARM.attributes
                0x000004fd       0x2d d:/toolchain_supports/arm-gnu-toolchain-12.2.mpacbti-rel1-mingw-w64-i686-arm-none-eabi/bin/../lib/gcc/arm-none-eabi/12.2.1/thumb/v7-m/nofp\libg.a(libc_a-readr.o)
 .ARM.attributes
                0x0000052a       0x2d d:/toolchain_supports/arm-gnu-toolchain-12.2.mpacbti-rel1-mingw-w64-i686-arm-none-eabi/bin/../lib/gcc/arm-none-eabi/12.2.1/thumb/v7-m/nofp\libg.a(libc_a-writer.o)
 .ARM.attributes
                0x00000557       0x2d d:/toolchain_supports/arm-gnu-toolchain-12.2.mpacbti-rel1-mingw-w64-i686-arm-none-eabi/bin/../lib/gcc/arm-none-eabi/12.2.1/thumb/v7-m/nofp\libg.a(libc_a-errno.o)
 .ARM.attributes
                0x00000584       0x2d d:/toolchain_supports/arm-gnu-toolchain-12.2.mpacbti-rel1-mingw-w64-i686-arm-none-eabi/bin/../lib/gcc/arm-none-eabi/12.2.1/thumb/v7-m/nofp\libg.a(libc_a-init.o)
 .ARM.attributes
                0x000005b1       0x2d d:/toolchain_supports/arm-gnu-toolchain-12.2.mpacbti-rel1-mingw-w64-i686-arm-none-eabi/bin/../lib/gcc/arm-none-eabi/12.2.1/thumb/v7-m/nofp\libg.a(libc_a-lock.o)
 .ARM.attributes
                0x000005de       0x2d d:/toolchain_supports/arm-gnu-toolchain-12.2.mpacbti-rel1-mingw-w64-i686-arm-none-eabi/bin/../lib/gcc/arm-none-eabi/12.2.1/thumb/v7-m/nofp\libg.a(libc_a-strlen-stub.o)
 .ARM.attributes
                0x0000060b       0x2d d:/toolchain_supports/arm-gnu-toolchain-12.2.mpacbti-rel1-mingw-w64-i686-arm-none-eabi/bin/../lib/gcc/arm-none-eabi/12.2.1/thumb/v7-m/nofp\libg.a(libc_a-__call_atexit.o)
 .ARM.attributes
                0x00000638       0x2d d:/toolchain_supports/arm-gnu-toolchain-12.2.mpacbti-rel1-mingw-w64-i686-arm-none-eabi/bin/../lib/gcc/arm-none-eabi/12.2.1/thumb/v7-m/nofp\libg.a(libc_a-atexit.o)
 .ARM.attributes
                0x00000665       0x2d d:/toolchain_supports/arm-gnu-toolchain-12.2.mpacbti-rel1-mingw-w64-i686-arm-none-eabi/bin/../lib/gcc/arm-none-eabi/12.2.1/thumb/v7-m/nofp\libg.a(libc_a-freer.o)
 .ARM.attributes
                0x00000692       0x2d d:/toolchain_supports/arm-gnu-toolchain-12.2.mpacbti-rel1-mingw-w64-i686-arm-none-eabi/bin/../lib/gcc/arm-none-eabi/12.2.1/thumb/v7-m/nofp\libg.a(libc_a-mallocr.o)
 .ARM.attributes
                0x000006bf       0x2d d:/toolchain_supports/arm-gnu-toolchain-12.2.mpacbti-rel1-mingw-w64-i686-arm-none-eabi/bin/../lib/gcc/arm-none-eabi/12.2.1/thumb/v7-m/nofp\libg.a(libc_a-mlock.o)
 .ARM.attributes
                0x000006ec       0x2d d:/toolchain_supports/arm-gnu-toolchain-12.2.mpacbti-rel1-mingw-w64-i686-arm-none-eabi/bin/../lib/gcc/arm-none-eabi/12.2.1/thumb/v7-m/nofp\libg.a(libc_a-fclose.o)
 .ARM.attributes
                0x00000719       0x2d d:/toolchain_supports/arm-gnu-toolchain-12.2.mpacbti-rel1-mingw-w64-i686-arm-none-eabi/bin/../lib/gcc/arm-none-eabi/12.2.1/thumb/v7-m/nofp\libg.a(libc_a-fflush.o)
 .ARM.attributes
                0x00000746       0x2d d:/toolchain_supports/arm-gnu-toolchain-12.2.mpacbti-rel1-mingw-w64-i686-arm-none-eabi/bin/../lib/gcc/arm-none-eabi/12.2.1/thumb/v7-m/nofp\libg.a(libc_a-fvwrite.o)
 .ARM.attributes
                0x00000773       0x2d d:/toolchain_supports/arm-gnu-toolchain-12.2.mpacbti-rel1-mingw-w64-i686-arm-none-eabi/bin/../lib/gcc/arm-none-eabi/12.2.1/thumb/v7-m/nofp\libg.a(libc_a-wsetup.o)
 .ARM.attributes
                0x000007a0       0x2d d:/toolchain_supports/arm-gnu-toolchain-12.2.mpacbti-rel1-mingw-w64-i686-arm-none-eabi/bin/../lib/gcc/arm-none-eabi/12.2.1/thumb/v7-m/nofp\libg.a(libc_a-memmove.o)
 .ARM.attributes
                0x000007cd       0x2d d:/toolchain_supports/arm-gnu-toolchain-12.2.mpacbti-rel1-mingw-w64-i686-arm-none-eabi/bin/../lib/gcc/arm-none-eabi/12.2.1/thumb/v7-m/nofp\libg.a(libc_a-sbrkr.o)
 .ARM.attributes
                0x000007fa       0x2d d:/toolchain_supports/arm-gnu-toolchain-12.2.mpacbti-rel1-mingw-w64-i686-arm-none-eabi/bin/../lib/gcc/arm-none-eabi/12.2.1/thumb/v7-m/nofp\libg.a(libc_a-fini.o)
 .ARM.attributes
                0x00000827       0x2d d:/toolchain_supports/arm-gnu-toolchain-12.2.mpacbti-rel1-mingw-w64-i686-arm-none-eabi/bin/../lib/gcc/arm-none-eabi/12.2.1/thumb/v7-m/nofp\libg.a(libc_a-sysconf.o)
 .ARM.attributes
                0x00000854       0x2d d:/toolchain_supports/arm-gnu-toolchain-12.2.mpacbti-rel1-mingw-w64-i686-arm-none-eabi/bin/../lib/gcc/arm-none-eabi/12.2.1/thumb/v7-m/nofp\libg.a(libc_a-memchr-stub.o)
 .ARM.attributes
                0x00000881       0x1b d:/toolchain_supports/arm-gnu-toolchain-12.2.mpacbti-rel1-mingw-w64-i686-arm-none-eabi/bin/../lib/gcc/arm-none-eabi/12.2.1/thumb/v7-m/nofp\libg.a(libc_a-memcpy.o)
 .ARM.attributes
                0x0000089c       0x2d d:/toolchain_supports/arm-gnu-toolchain-12.2.mpacbti-rel1-mingw-w64-i686-arm-none-eabi/bin/../lib/gcc/arm-none-eabi/12.2.1/thumb/v7-m/nofp\libg.a(libc_a-__atexit.o)
 .ARM.attributes
                0x000008c9       0x2d d:/toolchain_supports/arm-gnu-toolchain-12.2.mpacbti-rel1-mingw-w64-i686-arm-none-eabi/bin/../lib/gcc/arm-none-eabi/12.2.1/thumb/v7-m/nofp\libg.a(libc_a-reallocr.o)
 .ARM.attributes
                0x000008f6       0x2d d:/toolchain_supports/arm-gnu-toolchain-12.2.mpacbti-rel1-mingw-w64-i686-arm-none-eabi/bin/../lib/gcc/arm-none-eabi/12.2.1/thumb/v7-m/nofp\libg.a(libc_a-makebuf.o)
 .ARM.attributes
                0x00000923       0x2d d:/toolchain_supports/arm-gnu-toolchain-12.2.mpacbti-rel1-mingw-w64-i686-arm-none-eabi/bin/../lib/gcc/arm-none-eabi/12.2.1/thumb/v7-m/nofp\libg.a(libc_a-fstatr.o)
 .ARM.attributes
                0x00000950       0x2d d:/toolchain_supports/arm-gnu-toolchain-12.2.mpacbti-rel1-mingw-w64-i686-arm-none-eabi/bin/../lib/gcc/arm-none-eabi/12.2.1/thumb/v7-m/nofp\libg.a(libc_a-isattyr.o)
 .ARM.attributes
                0x0000097d       0x2d d:/toolchain_supports/arm-gnu-toolchain-12.2.mpacbti-rel1-mingw-w64-i686-arm-none-eabi/bin/../lib/gcc/arm-none-eabi/12.2.1/thumb/v7-m/nofp/crtend.o
 .ARM.attributes
                0x000009aa       0x1d d:/toolchain_supports/arm-gnu-toolchain-12.2.mpacbti-rel1-mingw-w64-i686-arm-none-eabi/bin/../lib/gcc/arm-none-eabi/12.2.1/thumb/v7-m/nofp/crtn.o
OUTPUT(Delay_Based_on_TImer.elf elf32-littlearm)
LOAD linker stubs
LOAD d:/toolchain_supports/arm-gnu-toolchain-12.2.mpacbti-rel1-mingw-w64-i686-arm-none-eabi/bin/../lib/gcc/arm-none-eabi/12.2.1/thumb/v7-m/nofp\libc.a
LOAD d:/toolchain_supports/arm-gnu-toolchain-12.2.mpacbti-rel1-mingw-w64-i686-arm-none-eabi/bin/../lib/gcc/arm-none-eabi/12.2.1/thumb/v7-m/nofp\libm.a
LOAD d:/toolchain_supports/arm-gnu-toolchain-12.2.mpacbti-rel1-mingw-w64-i686-arm-none-eabi/bin/../lib/gcc/arm-none-eabi/12.2.1/thumb/v7-m/nofp\libgcc.a

.debug_info     0x00000000     0xea8b
 .debug_info    0x00000000      0x165 CMakeFiles/Delay_Based_on_TImer.elf.dir/Core/Src/gpio.c.obj
 .debug_info    0x00000165      0x892 CMakeFiles/Delay_Based_on_TImer.elf.dir/Core/Src/main.c.obj
 .debug_info    0x000009f7      0x1f4 CMakeFiles/Delay_Based_on_TImer.elf.dir/Core/Src/stm32f1xx_hal_msp.c.obj
 .debug_info    0x00000beb      0x11d CMakeFiles/Delay_Based_on_TImer.elf.dir/Core/Src/stm32f1xx_it.c.obj
 .debug_info    0x00000d08      0x783 CMakeFiles/Delay_Based_on_TImer.elf.dir/Core/Src/syscalls.c.obj
 .debug_info    0x0000148b      0x171 CMakeFiles/Delay_Based_on_TImer.elf.dir/Core/Src/sysmem.c.obj
 .debug_info    0x000015fc      0x22d CMakeFiles/Delay_Based_on_TImer.elf.dir/Core/Src/system_stm32f1xx.c.obj
 .debug_info    0x00001829      0x890 CMakeFiles/Delay_Based_on_TImer.elf.dir/Core/Src/tim.c.obj
 .debug_info    0x000020b9      0x80d CMakeFiles/Delay_Based_on_TImer.elf.dir/Core/Src/usart.c.obj
 .debug_info    0x000028c6       0x30 CMakeFiles/Delay_Based_on_TImer.elf.dir/Core/Startup/startup_stm32f103c8tx.s.obj
 .debug_info    0x000028f6      0x733 CMakeFiles/Delay_Based_on_TImer.elf.dir/Delay/delay.c.obj
 .debug_info    0x00003029      0x7a2 CMakeFiles/Delay_Based_on_TImer.elf.dir/Drivers/STM32F1xx_HAL_Driver/Src/stm32f1xx_hal.c.obj
 .debug_info    0x000037cb      0xcad CMakeFiles/Delay_Based_on_TImer.elf.dir/Drivers/STM32F1xx_HAL_Driver/Src/stm32f1xx_hal_cortex.c.obj
 .debug_info    0x00004478      0x604 CMakeFiles/Delay_Based_on_TImer.elf.dir/Drivers/STM32F1xx_HAL_Driver/Src/stm32f1xx_hal_gpio.c.obj
 .debug_info    0x00004a7c      0x9c7 CMakeFiles/Delay_Based_on_TImer.elf.dir/Drivers/STM32F1xx_HAL_Driver/Src/stm32f1xx_hal_rcc.c.obj
 .debug_info    0x00005443     0x3b74 CMakeFiles/Delay_Based_on_TImer.elf.dir/Drivers/STM32F1xx_HAL_Driver/Src/stm32f1xx_hal_tim.c.obj
 .debug_info    0x00008fb7     0x1a88 CMakeFiles/Delay_Based_on_TImer.elf.dir/Drivers/STM32F1xx_HAL_Driver/Src/stm32f1xx_hal_tim_ex.c.obj
 .debug_info    0x0000aa3f     0x404c CMakeFiles/Delay_Based_on_TImer.elf.dir/Drivers/STM32F1xx_HAL_Driver/Src/stm32f1xx_hal_uart.c.obj

.debug_abbrev   0x00000000     0x2097
 .debug_abbrev  0x00000000       0xc4 CMakeFiles/Delay_Based_on_TImer.elf.dir/Core/Src/gpio.c.obj
 .debug_abbrev  0x000000c4      0x23e CMakeFiles/Delay_Based_on_TImer.elf.dir/Core/Src/main.c.obj
 .debug_abbrev  0x00000302       0xed CMakeFiles/Delay_Based_on_TImer.elf.dir/Core/Src/stm32f1xx_hal_msp.c.obj
 .debug_abbrev  0x000003ef       0x7c CMakeFiles/Delay_Based_on_TImer.elf.dir/Core/Src/stm32f1xx_it.c.obj
 .debug_abbrev  0x0000046b      0x1c1 CMakeFiles/Delay_Based_on_TImer.elf.dir/Core/Src/syscalls.c.obj
 .debug_abbrev  0x0000062c       0xea CMakeFiles/Delay_Based_on_TImer.elf.dir/Core/Src/sysmem.c.obj
 .debug_abbrev  0x00000716      0x143 CMakeFiles/Delay_Based_on_TImer.elf.dir/Core/Src/system_stm32f1xx.c.obj
 .debug_abbrev  0x00000859      0x20a CMakeFiles/Delay_Based_on_TImer.elf.dir/Core/Src/tim.c.obj
 .debug_abbrev  0x00000a63      0x204 CMakeFiles/Delay_Based_on_TImer.elf.dir/Core/Src/usart.c.obj
 .debug_abbrev  0x00000c67       0x24 CMakeFiles/Delay_Based_on_TImer.elf.dir/Core/Startup/startup_stm32f103c8tx.s.obj
 .debug_abbrev  0x00000c8b      0x1e1 CMakeFiles/Delay_Based_on_TImer.elf.dir/Delay/delay.c.obj
 .debug_abbrev  0x00000e6c      0x22d CMakeFiles/Delay_Based_on_TImer.elf.dir/Drivers/STM32F1xx_HAL_Driver/Src/stm32f1xx_hal.c.obj
 .debug_abbrev  0x00001099      0x36d CMakeFiles/Delay_Based_on_TImer.elf.dir/Drivers/STM32F1xx_HAL_Driver/Src/stm32f1xx_hal_cortex.c.obj
 .debug_abbrev  0x00001406      0x1f7 CMakeFiles/Delay_Based_on_TImer.elf.dir/Drivers/STM32F1xx_HAL_Driver/Src/stm32f1xx_hal_gpio.c.obj
 .debug_abbrev  0x000015fd      0x2a0 CMakeFiles/Delay_Based_on_TImer.elf.dir/Drivers/STM32F1xx_HAL_Driver/Src/stm32f1xx_hal_rcc.c.obj
 .debug_abbrev  0x0000189d      0x270 CMakeFiles/Delay_Based_on_TImer.elf.dir/Drivers/STM32F1xx_HAL_Driver/Src/stm32f1xx_hal_tim.c.obj
 .debug_abbrev  0x00001b0d      0x26e CMakeFiles/Delay_Based_on_TImer.elf.dir/Drivers/STM32F1xx_HAL_Driver/Src/stm32f1xx_hal_tim_ex.c.obj
 .debug_abbrev  0x00001d7b      0x31c CMakeFiles/Delay_Based_on_TImer.elf.dir/Drivers/STM32F1xx_HAL_Driver/Src/stm32f1xx_hal_uart.c.obj

.debug_aranges  0x00000000      0xc40
 .debug_aranges
                0x00000000       0x20 CMakeFiles/Delay_Based_on_TImer.elf.dir/Core/Src/gpio.c.obj
 .debug_aranges
                0x00000020       0x38 CMakeFiles/Delay_Based_on_TImer.elf.dir/Core/Src/main.c.obj
 .debug_aranges
                0x00000058       0x20 CMakeFiles/Delay_Based_on_TImer.elf.dir/Core/Src/stm32f1xx_hal_msp.c.obj
 .debug_aranges
                0x00000078       0x60 CMakeFiles/Delay_Based_on_TImer.elf.dir/Core/Src/stm32f1xx_it.c.obj
 .debug_aranges
                0x000000d8       0xa8 CMakeFiles/Delay_Based_on_TImer.elf.dir/Core/Src/syscalls.c.obj
 .debug_aranges
                0x00000180       0x20 CMakeFiles/Delay_Based_on_TImer.elf.dir/Core/Src/sysmem.c.obj
 .debug_aranges
                0x000001a0       0x28 CMakeFiles/Delay_Based_on_TImer.elf.dir/Core/Src/system_stm32f1xx.c.obj
 .debug_aranges
                0x000001c8       0x30 CMakeFiles/Delay_Based_on_TImer.elf.dir/Core/Src/tim.c.obj
 .debug_aranges
                0x000001f8       0x30 CMakeFiles/Delay_Based_on_TImer.elf.dir/Core/Src/usart.c.obj
 .debug_aranges
                0x00000228       0x28 CMakeFiles/Delay_Based_on_TImer.elf.dir/Core/Startup/startup_stm32f103c8tx.s.obj
 .debug_aranges
                0x00000250       0x28 CMakeFiles/Delay_Based_on_TImer.elf.dir/Delay/delay.c.obj
 .debug_aranges
                0x00000278       0xe0 CMakeFiles/Delay_Based_on_TImer.elf.dir/Drivers/STM32F1xx_HAL_Driver/Src/stm32f1xx_hal.c.obj
 .debug_aranges
                0x00000358       0xc0 CMakeFiles/Delay_Based_on_TImer.elf.dir/Drivers/STM32F1xx_HAL_Driver/Src/stm32f1xx_hal_cortex.c.obj
 .debug_aranges
                0x00000418       0x58 CMakeFiles/Delay_Based_on_TImer.elf.dir/Drivers/STM32F1xx_HAL_Driver/Src/stm32f1xx_hal_gpio.c.obj
 .debug_aranges
                0x00000470       0x90 CMakeFiles/Delay_Based_on_TImer.elf.dir/Drivers/STM32F1xx_HAL_Driver/Src/stm32f1xx_hal_rcc.c.obj
 .debug_aranges
                0x00000500      0x3d0 CMakeFiles/Delay_Based_on_TImer.elf.dir/Drivers/STM32F1xx_HAL_Driver/Src/stm32f1xx_hal_tim.c.obj
 .debug_aranges
                0x000008d0      0x168 CMakeFiles/Delay_Based_on_TImer.elf.dir/Drivers/STM32F1xx_HAL_Driver/Src/stm32f1xx_hal_tim_ex.c.obj
 .debug_aranges
                0x00000a38      0x208 CMakeFiles/Delay_Based_on_TImer.elf.dir/Drivers/STM32F1xx_HAL_Driver/Src/stm32f1xx_hal_uart.c.obj

.debug_rnglists
                0x00000000      0x960
 .debug_rnglists
                0x00000000       0x13 CMakeFiles/Delay_Based_on_TImer.elf.dir/Core/Src/gpio.c.obj
 .debug_rnglists
                0x00000013       0x25 CMakeFiles/Delay_Based_on_TImer.elf.dir/Core/Src/main.c.obj
 .debug_rnglists
                0x00000038       0x13 CMakeFiles/Delay_Based_on_TImer.elf.dir/Core/Src/stm32f1xx_hal_msp.c.obj
 .debug_rnglists
                0x0000004b       0x43 CMakeFiles/Delay_Based_on_TImer.elf.dir/Core/Src/stm32f1xx_it.c.obj
 .debug_rnglists
                0x0000008e       0x79 CMakeFiles/Delay_Based_on_TImer.elf.dir/Core/Src/syscalls.c.obj
 .debug_rnglists
                0x00000107       0x13 CMakeFiles/Delay_Based_on_TImer.elf.dir/Core/Src/sysmem.c.obj
 .debug_rnglists
                0x0000011a       0x1a CMakeFiles/Delay_Based_on_TImer.elf.dir/Core/Src/system_stm32f1xx.c.obj
 .debug_rnglists
                0x00000134       0x1f CMakeFiles/Delay_Based_on_TImer.elf.dir/Core/Src/tim.c.obj
 .debug_rnglists
                0x00000153       0x1f CMakeFiles/Delay_Based_on_TImer.elf.dir/Core/Src/usart.c.obj
 .debug_rnglists
                0x00000172       0x19 CMakeFiles/Delay_Based_on_TImer.elf.dir/Core/Startup/startup_stm32f103c8tx.s.obj
 .debug_rnglists
                0x0000018b       0x32 CMakeFiles/Delay_Based_on_TImer.elf.dir/Delay/delay.c.obj
 .debug_rnglists
                0x000001bd       0xa3 CMakeFiles/Delay_Based_on_TImer.elf.dir/Drivers/STM32F1xx_HAL_Driver/Src/stm32f1xx_hal.c.obj
 .debug_rnglists
                0x00000260       0x8b CMakeFiles/Delay_Based_on_TImer.elf.dir/Drivers/STM32F1xx_HAL_Driver/Src/stm32f1xx_hal_cortex.c.obj
 .debug_rnglists
                0x000002eb       0x3f CMakeFiles/Delay_Based_on_TImer.elf.dir/Drivers/STM32F1xx_HAL_Driver/Src/stm32f1xx_hal_gpio.c.obj
 .debug_rnglists
                0x0000032a       0x7d CMakeFiles/Delay_Based_on_TImer.elf.dir/Drivers/STM32F1xx_HAL_Driver/Src/stm32f1xx_hal_rcc.c.obj
 .debug_rnglists
                0x000003a7      0x2fe CMakeFiles/Delay_Based_on_TImer.elf.dir/Drivers/STM32F1xx_HAL_Driver/Src/stm32f1xx_hal_tim.c.obj
 .debug_rnglists
                0x000006a5      0x11a CMakeFiles/Delay_Based_on_TImer.elf.dir/Drivers/STM32F1xx_HAL_Driver/Src/stm32f1xx_hal_tim_ex.c.obj
 .debug_rnglists
                0x000007bf      0x1a1 CMakeFiles/Delay_Based_on_TImer.elf.dir/Drivers/STM32F1xx_HAL_Driver/Src/stm32f1xx_hal_uart.c.obj

.debug_line     0x00000000     0xea6e
 .debug_line    0x00000000      0x1e3 CMakeFiles/Delay_Based_on_TImer.elf.dir/Core/Src/gpio.c.obj
 .debug_line    0x000001e3      0x496 CMakeFiles/Delay_Based_on_TImer.elf.dir/Core/Src/main.c.obj
 .debug_line    0x00000679      0x1f7 CMakeFiles/Delay_Based_on_TImer.elf.dir/Core/Src/stm32f1xx_hal_msp.c.obj
 .debug_line    0x00000870      0x1c7 CMakeFiles/Delay_Based_on_TImer.elf.dir/Core/Src/stm32f1xx_it.c.obj
 .debug_line    0x00000a37      0x453 CMakeFiles/Delay_Based_on_TImer.elf.dir/Core/Src/syscalls.c.obj
 .debug_line    0x00000e8a      0x255 CMakeFiles/Delay_Based_on_TImer.elf.dir/Core/Src/sysmem.c.obj
 .debug_line    0x000010df      0x2c0 CMakeFiles/Delay_Based_on_TImer.elf.dir/Core/Src/system_stm32f1xx.c.obj
 .debug_line    0x0000139f      0x396 CMakeFiles/Delay_Based_on_TImer.elf.dir/Core/Src/tim.c.obj
 .debug_line    0x00001735      0x3bb CMakeFiles/Delay_Based_on_TImer.elf.dir/Core/Src/usart.c.obj
 .debug_line    0x00001af0       0x78 CMakeFiles/Delay_Based_on_TImer.elf.dir/Core/Startup/startup_stm32f103c8tx.s.obj
 .debug_line    0x00001b68      0x38c CMakeFiles/Delay_Based_on_TImer.elf.dir/Delay/delay.c.obj
 .debug_line    0x00001ef4      0x5f6 CMakeFiles/Delay_Based_on_TImer.elf.dir/Drivers/STM32F1xx_HAL_Driver/Src/stm32f1xx_hal.c.obj
 .debug_line    0x000024ea      0x772 CMakeFiles/Delay_Based_on_TImer.elf.dir/Drivers/STM32F1xx_HAL_Driver/Src/stm32f1xx_hal_cortex.c.obj
 .debug_line    0x00002c5c      0x64c CMakeFiles/Delay_Based_on_TImer.elf.dir/Drivers/STM32F1xx_HAL_Driver/Src/stm32f1xx_hal_gpio.c.obj
 .debug_line    0x000032a8      0xcb7 CMakeFiles/Delay_Based_on_TImer.elf.dir/Drivers/STM32F1xx_HAL_Driver/Src/stm32f1xx_hal_rcc.c.obj
 .debug_line    0x00003f5f     0x49a8 CMakeFiles/Delay_Based_on_TImer.elf.dir/Drivers/STM32F1xx_HAL_Driver/Src/stm32f1xx_hal_tim.c.obj
 .debug_line    0x00008907     0x1cf3 CMakeFiles/Delay_Based_on_TImer.elf.dir/Drivers/STM32F1xx_HAL_Driver/Src/stm32f1xx_hal_tim_ex.c.obj
 .debug_line    0x0000a5fa     0x4474 CMakeFiles/Delay_Based_on_TImer.elf.dir/Drivers/STM32F1xx_HAL_Driver/Src/stm32f1xx_hal_uart.c.obj

.debug_str      0x00000000     0x39e9
 .debug_str     0x00000000      0x1e4 CMakeFiles/Delay_Based_on_TImer.elf.dir/Core/Src/gpio.c.obj
                                0x221 (size before relaxing)
 .debug_str     0x000001e4      0x5f1 CMakeFiles/Delay_Based_on_TImer.elf.dir/Core/Src/main.c.obj
                                0x801 (size before relaxing)
 .debug_str     0x000007d5       0x7e CMakeFiles/Delay_Based_on_TImer.elf.dir/Core/Src/stm32f1xx_hal_msp.c.obj
                                0x25b (size before relaxing)
 .debug_str     0x00000853       0xdb CMakeFiles/Delay_Based_on_TImer.elf.dir/Core/Src/stm32f1xx_it.c.obj
                                0x25e (size before relaxing)
 .debug_str     0x0000092e      0x22f CMakeFiles/Delay_Based_on_TImer.elf.dir/Core/Src/syscalls.c.obj
                                0x428 (size before relaxing)
 .debug_str     0x00000b5d       0x99 CMakeFiles/Delay_Based_on_TImer.elf.dir/Core/Src/sysmem.c.obj
                                0x254 (size before relaxing)
 .debug_str     0x00000bf6       0xa2 CMakeFiles/Delay_Based_on_TImer.elf.dir/Core/Src/system_stm32f1xx.c.obj
                                0x290 (size before relaxing)
 .debug_str     0x00000c98      0x408 CMakeFiles/Delay_Based_on_TImer.elf.dir/Core/Src/tim.c.obj
                                0x856 (size before relaxing)
 .debug_str     0x000010a0       0xd6 CMakeFiles/Delay_Based_on_TImer.elf.dir/Core/Src/usart.c.obj
                                0x70e (size before relaxing)
 .debug_str     0x00001176       0x68 CMakeFiles/Delay_Based_on_TImer.elf.dir/Core/Startup/startup_stm32f103c8tx.s.obj
                                 0xa1 (size before relaxing)
 .debug_str     0x000011de       0x7d CMakeFiles/Delay_Based_on_TImer.elf.dir/Delay/delay.c.obj
                                0x70f (size before relaxing)
 .debug_str     0x0000125b      0x60f CMakeFiles/Delay_Based_on_TImer.elf.dir/Drivers/STM32F1xx_HAL_Driver/Src/stm32f1xx_hal.c.obj
                                0x86a (size before relaxing)
 .debug_str     0x0000186a      0x3df CMakeFiles/Delay_Based_on_TImer.elf.dir/Drivers/STM32F1xx_HAL_Driver/Src/stm32f1xx_hal_cortex.c.obj
                                0x90f (size before relaxing)
 .debug_str     0x00001c49      0x16c CMakeFiles/Delay_Based_on_TImer.elf.dir/Drivers/STM32F1xx_HAL_Driver/Src/stm32f1xx_hal_gpio.c.obj
                                0x43c (size before relaxing)
 .debug_str     0x00001db5      0x218 CMakeFiles/Delay_Based_on_TImer.elf.dir/Drivers/STM32F1xx_HAL_Driver/Src/stm32f1xx_hal_rcc.c.obj
                                0x667 (size before relaxing)
 .debug_str     0x00001fcd      0xebc CMakeFiles/Delay_Based_on_TImer.elf.dir/Drivers/STM32F1xx_HAL_Driver/Src/stm32f1xx_hal_tim.c.obj
                               0x16b1 (size before relaxing)
 .debug_str     0x00002e89      0x512 CMakeFiles/Delay_Based_on_TImer.elf.dir/Drivers/STM32F1xx_HAL_Driver/Src/stm32f1xx_hal_tim_ex.c.obj
                                0xecd (size before relaxing)
 .debug_str     0x0000339b      0x64e CMakeFiles/Delay_Based_on_TImer.elf.dir/Drivers/STM32F1xx_HAL_Driver/Src/stm32f1xx_hal_uart.c.obj
                                0xd30 (size before relaxing)

.comment        0x00000000       0x55
 .comment       0x00000000       0x55 CMakeFiles/Delay_Based_on_TImer.elf.dir/Core/Src/gpio.c.obj
                                 0x56 (size before relaxing)
 .comment       0x00000055       0x56 CMakeFiles/Delay_Based_on_TImer.elf.dir/Core/Src/main.c.obj
 .comment       0x00000055       0x56 CMakeFiles/Delay_Based_on_TImer.elf.dir/Core/Src/stm32f1xx_hal_msp.c.obj
 .comment       0x00000055       0x56 CMakeFiles/Delay_Based_on_TImer.elf.dir/Core/Src/stm32f1xx_it.c.obj
 .comment       0x00000055       0x56 CMakeFiles/Delay_Based_on_TImer.elf.dir/Core/Src/syscalls.c.obj
 .comment       0x00000055       0x56 CMakeFiles/Delay_Based_on_TImer.elf.dir/Core/Src/sysmem.c.obj
 .comment       0x00000055       0x56 CMakeFiles/Delay_Based_on_TImer.elf.dir/Core/Src/system_stm32f1xx.c.obj
 .comment       0x00000055       0x56 CMakeFiles/Delay_Based_on_TImer.elf.dir/Core/Src/tim.c.obj
 .comment       0x00000055       0x56 CMakeFiles/Delay_Based_on_TImer.elf.dir/Core/Src/usart.c.obj
 .comment       0x00000055       0x56 CMakeFiles/Delay_Based_on_TImer.elf.dir/Delay/delay.c.obj
 .comment       0x00000055       0x56 CMakeFiles/Delay_Based_on_TImer.elf.dir/Drivers/STM32F1xx_HAL_Driver/Src/stm32f1xx_hal.c.obj
 .comment       0x00000055       0x56 CMakeFiles/Delay_Based_on_TImer.elf.dir/Drivers/STM32F1xx_HAL_Driver/Src/stm32f1xx_hal_cortex.c.obj
 .comment       0x00000055       0x56 CMakeFiles/Delay_Based_on_TImer.elf.dir/Drivers/STM32F1xx_HAL_Driver/Src/stm32f1xx_hal_gpio.c.obj
 .comment       0x00000055       0x56 CMakeFiles/Delay_Based_on_TImer.elf.dir/Drivers/STM32F1xx_HAL_Driver/Src/stm32f1xx_hal_rcc.c.obj
 .comment       0x00000055       0x56 CMakeFiles/Delay_Based_on_TImer.elf.dir/Drivers/STM32F1xx_HAL_Driver/Src/stm32f1xx_hal_tim.c.obj
 .comment       0x00000055       0x56 CMakeFiles/Delay_Based_on_TImer.elf.dir/Drivers/STM32F1xx_HAL_Driver/Src/stm32f1xx_hal_tim_ex.c.obj
 .comment       0x00000055       0x56 CMakeFiles/Delay_Based_on_TImer.elf.dir/Drivers/STM32F1xx_HAL_Driver/Src/stm32f1xx_hal_uart.c.obj

.debug_frame    0x00000000     0x286c
 .debug_frame   0x00000000       0x28 CMakeFiles/Delay_Based_on_TImer.elf.dir/Core/Src/gpio.c.obj
 .debug_frame   0x00000028       0x74 CMakeFiles/Delay_Based_on_TImer.elf.dir/Core/Src/main.c.obj
 .debug_frame   0x0000009c       0x28 CMakeFiles/Delay_Based_on_TImer.elf.dir/Core/Src/stm32f1xx_hal_msp.c.obj
 .debug_frame   0x000000c4       0xa8 CMakeFiles/Delay_Based_on_TImer.elf.dir/Core/Src/stm32f1xx_it.c.obj
 .debug_frame   0x0000016c      0x190 CMakeFiles/Delay_Based_on_TImer.elf.dir/Core/Src/syscalls.c.obj
 .debug_frame   0x000002fc       0x28 CMakeFiles/Delay_Based_on_TImer.elf.dir/Core/Src/sysmem.c.obj
 .debug_frame   0x00000324       0x30 CMakeFiles/Delay_Based_on_TImer.elf.dir/Core/Src/system_stm32f1xx.c.obj
 .debug_frame   0x00000354       0x58 CMakeFiles/Delay_Based_on_TImer.elf.dir/Core/Src/tim.c.obj
 .debug_frame   0x000003ac       0x60 CMakeFiles/Delay_Based_on_TImer.elf.dir/Core/Src/usart.c.obj
 .debug_frame   0x0000040c       0x44 CMakeFiles/Delay_Based_on_TImer.elf.dir/Delay/delay.c.obj
 .debug_frame   0x00000450      0x1cc CMakeFiles/Delay_Based_on_TImer.elf.dir/Drivers/STM32F1xx_HAL_Driver/Src/stm32f1xx_hal.c.obj
 .debug_frame   0x0000061c      0x19c CMakeFiles/Delay_Based_on_TImer.elf.dir/Drivers/STM32F1xx_HAL_Driver/Src/stm32f1xx_hal_cortex.c.obj
 .debug_frame   0x000007b8       0xe4 CMakeFiles/Delay_Based_on_TImer.elf.dir/Drivers/STM32F1xx_HAL_Driver/Src/stm32f1xx_hal_gpio.c.obj
 .debug_frame   0x0000089c      0x184 CMakeFiles/Delay_Based_on_TImer.elf.dir/Drivers/STM32F1xx_HAL_Driver/Src/stm32f1xx_hal_rcc.c.obj
 .debug_frame   0x00000a20      0xb14 CMakeFiles/Delay_Based_on_TImer.elf.dir/Drivers/STM32F1xx_HAL_Driver/Src/stm32f1xx_hal_tim.c.obj
 .debug_frame   0x00001534      0x40c CMakeFiles/Delay_Based_on_TImer.elf.dir/Drivers/STM32F1xx_HAL_Driver/Src/stm32f1xx_hal_tim_ex.c.obj
 .debug_frame   0x00001940      0x5d4 CMakeFiles/Delay_Based_on_TImer.elf.dir/Drivers/STM32F1xx_HAL_Driver/Src/stm32f1xx_hal_uart.c.obj
 .debug_frame   0x00001f14      0x13c d:/toolchain_supports/arm-gnu-toolchain-12.2.mpacbti-rel1-mingw-w64-i686-arm-none-eabi/bin/../lib/gcc/arm-none-eabi/12.2.1/thumb/v7-m/nofp\libg.a(libc_a-findfp.o)
 .debug_frame   0x00002050       0x34 d:/toolchain_supports/arm-gnu-toolchain-12.2.mpacbti-rel1-mingw-w64-i686-arm-none-eabi/bin/../lib/gcc/arm-none-eabi/12.2.1/thumb/v7-m/nofp\libg.a(libc_a-fwalk.o)
 .debug_frame   0x00002084       0x48 d:/toolchain_supports/arm-gnu-toolchain-12.2.mpacbti-rel1-mingw-w64-i686-arm-none-eabi/bin/../lib/gcc/arm-none-eabi/12.2.1/thumb/v7-m/nofp\libg.a(libc_a-puts.o)
 .debug_frame   0x000020cc       0x8c d:/toolchain_supports/arm-gnu-toolchain-12.2.mpacbti-rel1-mingw-w64-i686-arm-none-eabi/bin/../lib/gcc/arm-none-eabi/12.2.1/thumb/v7-m/nofp\libg.a(libc_a-stdio.o)
 .debug_frame   0x00002158       0x2c d:/toolchain_supports/arm-gnu-toolchain-12.2.mpacbti-rel1-mingw-w64-i686-arm-none-eabi/bin/../lib/gcc/arm-none-eabi/12.2.1/thumb/v7-m/nofp\libg.a(libc_a-memset.o)
 .debug_frame   0x00002184       0x2c d:/toolchain_supports/arm-gnu-toolchain-12.2.mpacbti-rel1-mingw-w64-i686-arm-none-eabi/bin/../lib/gcc/arm-none-eabi/12.2.1/thumb/v7-m/nofp\libg.a(libc_a-closer.o)
 .debug_frame   0x000021b0       0x3c d:/toolchain_supports/arm-gnu-toolchain-12.2.mpacbti-rel1-mingw-w64-i686-arm-none-eabi/bin/../lib/gcc/arm-none-eabi/12.2.1/thumb/v7-m/nofp\libg.a(libc_a-reent.o)
 .debug_frame   0x000021ec       0x2c d:/toolchain_supports/arm-gnu-toolchain-12.2.mpacbti-rel1-mingw-w64-i686-arm-none-eabi/bin/../lib/gcc/arm-none-eabi/12.2.1/thumb/v7-m/nofp\libg.a(libc_a-lseekr.o)
 .debug_frame   0x00002218       0x2c d:/toolchain_supports/arm-gnu-toolchain-12.2.mpacbti-rel1-mingw-w64-i686-arm-none-eabi/bin/../lib/gcc/arm-none-eabi/12.2.1/thumb/v7-m/nofp\libg.a(libc_a-readr.o)
 .debug_frame   0x00002244       0x2c d:/toolchain_supports/arm-gnu-toolchain-12.2.mpacbti-rel1-mingw-w64-i686-arm-none-eabi/bin/../lib/gcc/arm-none-eabi/12.2.1/thumb/v7-m/nofp\libg.a(libc_a-writer.o)
 .debug_frame   0x00002270       0x20 d:/toolchain_supports/arm-gnu-toolchain-12.2.mpacbti-rel1-mingw-w64-i686-arm-none-eabi/bin/../lib/gcc/arm-none-eabi/12.2.1/thumb/v7-m/nofp\libg.a(libc_a-errno.o)
 .debug_frame   0x00002290       0x2c d:/toolchain_supports/arm-gnu-toolchain-12.2.mpacbti-rel1-mingw-w64-i686-arm-none-eabi/bin/../lib/gcc/arm-none-eabi/12.2.1/thumb/v7-m/nofp\libg.a(libc_a-init.o)
 .debug_frame   0x000022bc       0xb0 d:/toolchain_supports/arm-gnu-toolchain-12.2.mpacbti-rel1-mingw-w64-i686-arm-none-eabi/bin/../lib/gcc/arm-none-eabi/12.2.1/thumb/v7-m/nofp\libg.a(libc_a-lock.o)
 .debug_frame   0x0000236c       0x20 d:/toolchain_supports/arm-gnu-toolchain-12.2.mpacbti-rel1-mingw-w64-i686-arm-none-eabi/bin/../lib/gcc/arm-none-eabi/12.2.1/thumb/v7-m/nofp\libg.a(libc_a-strlen-stub.o)
 .debug_frame   0x0000238c       0x5c d:/toolchain_supports/arm-gnu-toolchain-12.2.mpacbti-rel1-mingw-w64-i686-arm-none-eabi/bin/../lib/gcc/arm-none-eabi/12.2.1/thumb/v7-m/nofp\libg.a(libc_a-__call_atexit.o)
 .debug_frame   0x000023e8       0x20 d:/toolchain_supports/arm-gnu-toolchain-12.2.mpacbti-rel1-mingw-w64-i686-arm-none-eabi/bin/../lib/gcc/arm-none-eabi/12.2.1/thumb/v7-m/nofp\libg.a(libc_a-atexit.o)
 .debug_frame   0x00002408       0x78 d:/toolchain_supports/arm-gnu-toolchain-12.2.mpacbti-rel1-mingw-w64-i686-arm-none-eabi/bin/../lib/gcc/arm-none-eabi/12.2.1/thumb/v7-m/nofp\libg.a(libc_a-freer.o)
 .debug_frame   0x00002480       0x48 d:/toolchain_supports/arm-gnu-toolchain-12.2.mpacbti-rel1-mingw-w64-i686-arm-none-eabi/bin/../lib/gcc/arm-none-eabi/12.2.1/thumb/v7-m/nofp\libg.a(libc_a-mallocr.o)
 .debug_frame   0x000024c8       0x30 d:/toolchain_supports/arm-gnu-toolchain-12.2.mpacbti-rel1-mingw-w64-i686-arm-none-eabi/bin/../lib/gcc/arm-none-eabi/12.2.1/thumb/v7-m/nofp\libg.a(libc_a-mlock.o)
 .debug_frame   0x000024f8       0x3c d:/toolchain_supports/arm-gnu-toolchain-12.2.mpacbti-rel1-mingw-w64-i686-arm-none-eabi/bin/../lib/gcc/arm-none-eabi/12.2.1/thumb/v7-m/nofp\libg.a(libc_a-fclose.o)
 .debug_frame   0x00002534       0x70 d:/toolchain_supports/arm-gnu-toolchain-12.2.mpacbti-rel1-mingw-w64-i686-arm-none-eabi/bin/../lib/gcc/arm-none-eabi/12.2.1/thumb/v7-m/nofp\libg.a(libc_a-fflush.o)
 .debug_frame   0x000025a4       0x64 d:/toolchain_supports/arm-gnu-toolchain-12.2.mpacbti-rel1-mingw-w64-i686-arm-none-eabi/bin/../lib/gcc/arm-none-eabi/12.2.1/thumb/v7-m/nofp\libg.a(libc_a-fvwrite.o)
 .debug_frame   0x00002608       0x2c d:/toolchain_supports/arm-gnu-toolchain-12.2.mpacbti-rel1-mingw-w64-i686-arm-none-eabi/bin/../lib/gcc/arm-none-eabi/12.2.1/thumb/v7-m/nofp\libg.a(libc_a-wsetup.o)
 .debug_frame   0x00002634       0x40 d:/toolchain_supports/arm-gnu-toolchain-12.2.mpacbti-rel1-mingw-w64-i686-arm-none-eabi/bin/../lib/gcc/arm-none-eabi/12.2.1/thumb/v7-m/nofp\libg.a(libc_a-memmove.o)
 .debug_frame   0x00002674       0x2c d:/toolchain_supports/arm-gnu-toolchain-12.2.mpacbti-rel1-mingw-w64-i686-arm-none-eabi/bin/../lib/gcc/arm-none-eabi/12.2.1/thumb/v7-m/nofp\libg.a(libc_a-sbrkr.o)
 .debug_frame   0x000026a0       0x34 d:/toolchain_supports/arm-gnu-toolchain-12.2.mpacbti-rel1-mingw-w64-i686-arm-none-eabi/bin/../lib/gcc/arm-none-eabi/12.2.1/thumb/v7-m/nofp\libg.a(libc_a-fini.o)
 .debug_frame   0x000026d4       0x28 d:/toolchain_supports/arm-gnu-toolchain-12.2.mpacbti-rel1-mingw-w64-i686-arm-none-eabi/bin/../lib/gcc/arm-none-eabi/12.2.1/thumb/v7-m/nofp\libg.a(libc_a-sysconf.o)
 .debug_frame   0x000026fc       0x2c d:/toolchain_supports/arm-gnu-toolchain-12.2.mpacbti-rel1-mingw-w64-i686-arm-none-eabi/bin/../lib/gcc/arm-none-eabi/12.2.1/thumb/v7-m/nofp\libg.a(libc_a-memchr-stub.o)
 .debug_frame   0x00002728       0x34 d:/toolchain_supports/arm-gnu-toolchain-12.2.mpacbti-rel1-mingw-w64-i686-arm-none-eabi/bin/../lib/gcc/arm-none-eabi/12.2.1/thumb/v7-m/nofp\libg.a(libc_a-__atexit.o)
 .debug_frame   0x0000275c       0x48 d:/toolchain_supports/arm-gnu-toolchain-12.2.mpacbti-rel1-mingw-w64-i686-arm-none-eabi/bin/../lib/gcc/arm-none-eabi/12.2.1/thumb/v7-m/nofp\libg.a(libc_a-reallocr.o)
 .debug_frame   0x000027a4       0x70 d:/toolchain_supports/arm-gnu-toolchain-12.2.mpacbti-rel1-mingw-w64-i686-arm-none-eabi/bin/../lib/gcc/arm-none-eabi/12.2.1/thumb/v7-m/nofp\libg.a(libc_a-makebuf.o)
 .debug_frame   0x00002814       0x2c d:/toolchain_supports/arm-gnu-toolchain-12.2.mpacbti-rel1-mingw-w64-i686-arm-none-eabi/bin/../lib/gcc/arm-none-eabi/12.2.1/thumb/v7-m/nofp\libg.a(libc_a-fstatr.o)
 .debug_frame   0x00002840       0x2c d:/toolchain_supports/arm-gnu-toolchain-12.2.mpacbti-rel1-mingw-w64-i686-arm-none-eabi/bin/../lib/gcc/arm-none-eabi/12.2.1/thumb/v7-m/nofp\libg.a(libc_a-isattyr.o)

.debug_loclists
                0x00000000     0x80cb
 .debug_loclists
                0x00000000       0x21 CMakeFiles/Delay_Based_on_TImer.elf.dir/Core/Src/main.c.obj
 .debug_loclists
                0x00000021       0x17 CMakeFiles/Delay_Based_on_TImer.elf.dir/Core/Src/stm32f1xx_hal_msp.c.obj
 .debug_loclists
                0x00000038      0x25b CMakeFiles/Delay_Based_on_TImer.elf.dir/Core/Src/syscalls.c.obj
 .debug_loclists
                0x00000293       0x46 CMakeFiles/Delay_Based_on_TImer.elf.dir/Core/Src/sysmem.c.obj
 .debug_loclists
                0x000002d9       0xa5 CMakeFiles/Delay_Based_on_TImer.elf.dir/Core/Src/system_stm32f1xx.c.obj
 .debug_loclists
                0x0000037e       0x5c CMakeFiles/Delay_Based_on_TImer.elf.dir/Core/Src/usart.c.obj
 .debug_loclists
                0x000003da       0xaf CMakeFiles/Delay_Based_on_TImer.elf.dir/Delay/delay.c.obj
 .debug_loclists
                0x00000489       0xc9 CMakeFiles/Delay_Based_on_TImer.elf.dir/Drivers/STM32F1xx_HAL_Driver/Src/stm32f1xx_hal.c.obj
 .debug_loclists
                0x00000552      0x422 CMakeFiles/Delay_Based_on_TImer.elf.dir/Drivers/STM32F1xx_HAL_Driver/Src/stm32f1xx_hal_cortex.c.obj
 .debug_loclists
                0x00000974      0x2e8 CMakeFiles/Delay_Based_on_TImer.elf.dir/Drivers/STM32F1xx_HAL_Driver/Src/stm32f1xx_hal_gpio.c.obj
 .debug_loclists
                0x00000c5c      0x3f8 CMakeFiles/Delay_Based_on_TImer.elf.dir/Drivers/STM32F1xx_HAL_Driver/Src/stm32f1xx_hal_rcc.c.obj
 .debug_loclists
                0x00001054     0x3332 CMakeFiles/Delay_Based_on_TImer.elf.dir/Drivers/STM32F1xx_HAL_Driver/Src/stm32f1xx_hal_tim.c.obj
 .debug_loclists
                0x00004386     0x124c CMakeFiles/Delay_Based_on_TImer.elf.dir/Drivers/STM32F1xx_HAL_Driver/Src/stm32f1xx_hal_tim_ex.c.obj
 .debug_loclists
                0x000055d2     0x2af9 CMakeFiles/Delay_Based_on_TImer.elf.dir/Drivers/STM32F1xx_HAL_Driver/Src/stm32f1xx_hal_uart.c.obj

.debug_line_str
                0x00000000      0x174
 .debug_line_str
                0x00000000       0x85 CMakeFiles/Delay_Based_on_TImer.elf.dir/Core/Startup/startup_stm32f103c8tx.s.obj
 .debug_line_str
                0x00000085       0xef d:/toolchain_supports/arm-gnu-toolchain-12.2.mpacbti-rel1-mingw-w64-i686-arm-none-eabi/bin/../lib/gcc/arm-none-eabi/12.2.1/thumb/v7-m/nofp\libg.a(libc_a-memcpy.o)
